
> dev
> vite --mode ssr --port 3000 --host 0.0.0.0


  🚧 Please note that development mode is slower than production.

  VITE v5.3.5  ready in 2429 ms

  ➜  Local:   http://localhost:3000/
  ➜  Network: http://172.17.0.2:3000/
QWIK WARN State mutation inside render function. Use useTask$() instead. <ref *1> MockElement {
  nodeType: 111,
  _qc_: {
    '$flags$': 4,
    '$id$': '',
    '$element$': [Circular *1],
    '$refMap$': [],
    li: [],
    '$tasks$': null,
    '$seq$': [
      'crtkd5-0',
      [SignalImpl],
      [SignalImpl],
      [SignalImpl],
      [SignalImpl],
      [SignalImpl],
      [SignalImpl],
      [SignalImpl],
      [SignalImpl]
    ],
    '$slots$': [],
    '$scopeIds$': [ '⭐️crtkd5-0' ],
    '$appendStyles$': [ [Object] ],
    '$props$': { [Symbol(IMMUTABLE)]: {} },
    '$vdom$': null,
    '$componentQrl$': [AsyncFunction: qrl2] {
      getSymbol: [Function: getSymbol],
      getHash: [Function: getHash],
      getCaptured: [Function: getCaptured],
      resolve: [AsyncFunction: resolve],
      '$resolveLazy$': [Function: resolveLazy],
      '$setContainer$': [Function: setContainer],
      '$chunk$': null,
      '$symbol$': 'routes_component_xYL1qOwPyDI',
      '$refSymbol$': null,
      '$hash$': 'xYL1qOwPyDI',
      getFn: [Function: invokeFn],
      '$capture$': null,
      '$captureRef$': [],
      dev: [Object],
      resolved: [Function: routes_component_xYL1qOwPyDI]
    },
    '$contexts$': null,
    '$dynamicSlots$': null,
    '$parentCtx$': {
      '$flags$': 0,
      '$id$': '',
      '$element$': [MockElement],
      '$refMap$': [],
      li: [],
      '$tasks$': null,
      '$seq$': null,
      '$slots$': null,
      '$scopeIds$': null,
      '$appendStyles$': null,
      '$props$': null,
      '$vdom$': null,
      '$componentQrl$': null,
      '$contexts$': null,
      '$dynamicSlots$': null,
      '$parentCtx$': [Object],
      '$realParentCtx$': undefined
    },
    '$realParentCtx$': {
      '$flags$': 12,
      '$id$': '4',
      '$element$': [MockElement],
      '$refMap$': [],
      li: [],
      '$tasks$': null,
      '$seq$': [Array],
      '$slots$': [],
      '$scopeIds$': null,
      '$appendStyles$': null,
      '$props$': {},
      '$vdom$': null,
      '$componentQrl$': [AsyncFunction],
      '$contexts$': null,
      '$dynamicSlots$': [Array],
      '$parentCtx$': [Object],
      '$realParentCtx$': [Object]
    }
  }
}
QWIK WARN State mutation inside render function. Use useTask$() instead. <ref *1> MockElement {
  nodeType: 111,
  _qc_: {
    '$flags$': 5,
    '$id$': '',
    '$element$': [Circular *1],
    '$refMap$': [],
    li: [],
    '$tasks$': null,
    '$seq$': [
      'crtkd5-0',
      [SignalImpl],
      [SignalImpl],
      [SignalImpl],
      [SignalImpl],
      [SignalImpl],
      [SignalImpl],
      [SignalImpl],
      [SignalImpl]
    ],
    '$slots$': [],
    '$scopeIds$': [ '⭐️crtkd5-0' ],
    '$appendStyles$': [ [Object] ],
    '$props$': { [Symbol(IMMUTABLE)]: {} },
    '$vdom$': null,
    '$componentQrl$': [AsyncFunction: qrl2] {
      getSymbol: [Function: getSymbol],
      getHash: [Function: getHash],
      getCaptured: [Function: getCaptured],
      resolve: [AsyncFunction: resolve],
      '$resolveLazy$': [Function: resolveLazy],
      '$setContainer$': [Function: setContainer],
      '$chunk$': null,
      '$symbol$': 'routes_component_xYL1qOwPyDI',
      '$refSymbol$': null,
      '$hash$': 'xYL1qOwPyDI',
      getFn: [Function: invokeFn],
      '$capture$': null,
      '$captureRef$': [],
      dev: [Object],
      resolved: [Function: routes_component_xYL1qOwPyDI]
    },
    '$contexts$': null,
    '$dynamicSlots$': null,
    '$parentCtx$': {
      '$flags$': 0,
      '$id$': '',
      '$element$': [MockElement],
      '$refMap$': [],
      li: [],
      '$tasks$': null,
      '$seq$': null,
      '$slots$': null,
      '$scopeIds$': null,
      '$appendStyles$': null,
      '$props$': null,
      '$vdom$': null,
      '$componentQrl$': null,
      '$contexts$': null,
      '$dynamicSlots$': null,
      '$parentCtx$': [Object],
      '$realParentCtx$': undefined
    },
    '$realParentCtx$': {
      '$flags$': 12,
      '$id$': '4',
      '$element$': [MockElement],
      '$refMap$': [],
      li: [],
      '$tasks$': null,
      '$seq$': [Array],
      '$slots$': [],
      '$scopeIds$': null,
      '$appendStyles$': null,
      '$props$': {},
      '$vdom$': null,
      '$componentQrl$': [AsyncFunction],
      '$contexts$': null,
      '$dynamicSlots$': [Array],
      '$parentCtx$': [Object],
      '$realParentCtx$': [Object]
    }
  }
}
QWIK WARN State mutation inside render function. Use useTask$() instead. <ref *1> MockElement {
  nodeType: 111,
  _qc_: {
    '$flags$': 5,
    '$id$': '',
    '$element$': [Circular *1],
    '$refMap$': [],
    li: [],
    '$tasks$': null,
    '$seq$': [
      'crtkd5-0',
      [SignalImpl],
      [SignalImpl],
      [SignalImpl],
      [SignalImpl],
      [SignalImpl],
      [SignalImpl],
      [SignalImpl],
      [SignalImpl]
    ],
    '$slots$': [],
    '$scopeIds$': [ '⭐️crtkd5-0' ],
    '$appendStyles$': [ [Object] ],
    '$props$': { [Symbol(IMMUTABLE)]: {} },
    '$vdom$': null,
    '$componentQrl$': [AsyncFunction: qrl2] {
      getSymbol: [Function: getSymbol],
      getHash: [Function: getHash],
      getCaptured: [Function: getCaptured],
      resolve: [AsyncFunction: resolve],
      '$resolveLazy$': [Function: resolveLazy],
      '$setContainer$': [Function: setContainer],
      '$chunk$': null,
      '$symbol$': 'routes_component_xYL1qOwPyDI',
      '$refSymbol$': null,
      '$hash$': 'xYL1qOwPyDI',
      getFn: [Function: invokeFn],
      '$capture$': null,
      '$captureRef$': [],
      dev: [Object],
      resolved: [Function: routes_component_xYL1qOwPyDI]
    },
    '$contexts$': null,
    '$dynamicSlots$': null,
    '$parentCtx$': {
      '$flags$': 0,
      '$id$': '',
      '$element$': [MockElement],
      '$refMap$': [],
      li: [],
      '$tasks$': null,
      '$seq$': null,
      '$slots$': null,
      '$scopeIds$': null,
      '$appendStyles$': null,
      '$props$': null,
      '$vdom$': null,
      '$componentQrl$': null,
      '$contexts$': null,
      '$dynamicSlots$': null,
      '$parentCtx$': [Object],
      '$realParentCtx$': undefined
    },
    '$realParentCtx$': {
      '$flags$': 12,
      '$id$': '4',
      '$element$': [MockElement],
      '$refMap$': [],
      li: [],
      '$tasks$': null,
      '$seq$': [Array],
      '$slots$': [],
      '$scopeIds$': null,
      '$appendStyles$': null,
      '$props$': {},
      '$vdom$': null,
      '$componentQrl$': [AsyncFunction],
      '$contexts$': null,
      '$dynamicSlots$': [Array],
      '$parentCtx$': [Object],
      '$realParentCtx$': [Object]
    }
  }
}
QWIK WARN State mutation inside render function. Use useTask$() instead. <ref *1> MockElement {
  nodeType: 111,
  _qc_: {
    '$flags$': 5,
    '$id$': '',
    '$element$': [Circular *1],
    '$refMap$': [],
    li: [],
    '$tasks$': null,
    '$seq$': [
      'crtkd5-0',
      [SignalImpl],
      [SignalImpl],
      [SignalImpl],
      [SignalImpl],
      [SignalImpl],
      [SignalImpl],
      [SignalImpl],
      [SignalImpl]
    ],
    '$slots$': [],
    '$scopeIds$': [ '⭐️crtkd5-0' ],
    '$appendStyles$': [ [Object] ],
    '$props$': { [Symbol(IMMUTABLE)]: {} },
    '$vdom$': null,
    '$componentQrl$': [AsyncFunction: qrl2] {
      getSymbol: [Function: getSymbol],
      getHash: [Function: getHash],
      getCaptured: [Function: getCaptured],
      resolve: [AsyncFunction: resolve],
      '$resolveLazy$': [Function: resolveLazy],
      '$setContainer$': [Function: setContainer],
      '$chunk$': null,
      '$symbol$': 'routes_component_xYL1qOwPyDI',
      '$refSymbol$': null,
      '$hash$': 'xYL1qOwPyDI',
      getFn: [Function: invokeFn],
      '$capture$': null,
      '$captureRef$': [],
      dev: [Object],
      resolved: [Function: routes_component_xYL1qOwPyDI]
    },
    '$contexts$': null,
    '$dynamicSlots$': null,
    '$parentCtx$': {
      '$flags$': 0,
      '$id$': '',
      '$element$': [MockElement],
      '$refMap$': [],
      li: [],
      '$tasks$': null,
      '$seq$': null,
      '$slots$': null,
      '$scopeIds$': null,
      '$appendStyles$': null,
      '$props$': null,
      '$vdom$': null,
      '$componentQrl$': null,
      '$contexts$': null,
      '$dynamicSlots$': null,
      '$parentCtx$': [Object],
      '$realParentCtx$': undefined
    },
    '$realParentCtx$': {
      '$flags$': 12,
      '$id$': '4',
      '$element$': [MockElement],
      '$refMap$': [],
      li: [],
      '$tasks$': null,
      '$seq$': [Array],
      '$slots$': [],
      '$scopeIds$': null,
      '$appendStyles$': null,
      '$props$': {},
      '$vdom$': null,
      '$componentQrl$': [AsyncFunction],
      '$contexts$': null,
      '$dynamicSlots$': [Array],
      '$parentCtx$': [Object],
      '$realParentCtx$': [Object]
    }
  }
}
QWIK WARN State mutation inside render function. Use useTask$() instead. <ref *1> MockElement {
  nodeType: 111,
  _qc_: {
    '$flags$': 5,
    '$id$': '',
    '$element$': [Circular *1],
    '$refMap$': [],
    li: [],
    '$tasks$': null,
    '$seq$': [
      'crtkd5-0',
      [SignalImpl],
      [SignalImpl],
      [SignalImpl],
      [SignalImpl],
      [SignalImpl],
      [SignalImpl],
      [SignalImpl],
      [SignalImpl]
    ],
    '$slots$': [],
    '$scopeIds$': [ '⭐️crtkd5-0' ],
    '$appendStyles$': [ [Object] ],
    '$props$': { [Symbol(IMMUTABLE)]: {} },
    '$vdom$': null,
    '$componentQrl$': [AsyncFunction: qrl2] {
      getSymbol: [Function: getSymbol],
      getHash: [Function: getHash],
      getCaptured: [Function: getCaptured],
      resolve: [AsyncFunction: resolve],
      '$resolveLazy$': [Function: resolveLazy],
      '$setContainer$': [Function: setContainer],
      '$chunk$': null,
      '$symbol$': 'routes_component_xYL1qOwPyDI',
      '$refSymbol$': null,
      '$hash$': 'xYL1qOwPyDI',
      getFn: [Function: invokeFn],
      '$capture$': null,
      '$captureRef$': [],
      dev: [Object],
      resolved: [Function: routes_component_xYL1qOwPyDI]
    },
    '$contexts$': null,
    '$dynamicSlots$': null,
    '$parentCtx$': {
      '$flags$': 0,
      '$id$': '',
      '$element$': [MockElement],
      '$refMap$': [],
      li: [],
      '$tasks$': null,
      '$seq$': null,
      '$slots$': null,
      '$scopeIds$': null,
      '$appendStyles$': null,
      '$props$': null,
      '$vdom$': null,
      '$componentQrl$': null,
      '$contexts$': null,
      '$dynamicSlots$': null,
      '$parentCtx$': [Object],
      '$realParentCtx$': undefined
    },
    '$realParentCtx$': {
      '$flags$': 12,
      '$id$': '4',
      '$element$': [MockElement],
      '$refMap$': [],
      li: [],
      '$tasks$': null,
      '$seq$': [Array],
      '$slots$': [],
      '$scopeIds$': null,
      '$appendStyles$': null,
      '$props$': {},
      '$vdom$': null,
      '$componentQrl$': [AsyncFunction],
      '$contexts$': null,
      '$dynamicSlots$': [Array],
      '$parentCtx$': [Object],
      '$realParentCtx$': [Object]
    }
  }
}
QWIK WARN State mutation inside render function. Use useTask$() instead. <ref *1> MockElement {
  nodeType: 111,
  _qc_: {
    '$flags$': 5,
    '$id$': '',
    '$element$': [Circular *1],
    '$refMap$': [],
    li: [],
    '$tasks$': null,
    '$seq$': [
      'crtkd5-0',
      [SignalImpl],
      [SignalImpl],
      [SignalImpl],
      [SignalImpl],
      [SignalImpl],
      [SignalImpl],
      [SignalImpl],
      [SignalImpl]
    ],
    '$slots$': [],
    '$scopeIds$': [ '⭐️crtkd5-0' ],
    '$appendStyles$': [ [Object] ],
    '$props$': { [Symbol(IMMUTABLE)]: {} },
    '$vdom$': null,
    '$componentQrl$': [AsyncFunction: qrl2] {
      getSymbol: [Function: getSymbol],
      getHash: [Function: getHash],
      getCaptured: [Function: getCaptured],
      resolve: [AsyncFunction: resolve],
      '$resolveLazy$': [Function: resolveLazy],
      '$setContainer$': [Function: setContainer],
      '$chunk$': null,
      '$symbol$': 'routes_component_xYL1qOwPyDI',
      '$refSymbol$': null,
      '$hash$': 'xYL1qOwPyDI',
      getFn: [Function: invokeFn],
      '$capture$': null,
      '$captureRef$': [],
      dev: [Object],
      resolved: [Function: routes_component_xYL1qOwPyDI]
    },
    '$contexts$': null,
    '$dynamicSlots$': null,
    '$parentCtx$': {
      '$flags$': 0,
      '$id$': '',
      '$element$': [MockElement],
      '$refMap$': [],
      li: [],
      '$tasks$': null,
      '$seq$': null,
      '$slots$': null,
      '$scopeIds$': null,
      '$appendStyles$': null,
      '$props$': null,
      '$vdom$': null,
      '$componentQrl$': null,
      '$contexts$': null,
      '$dynamicSlots$': null,
      '$parentCtx$': [Object],
      '$realParentCtx$': undefined
    },
    '$realParentCtx$': {
      '$flags$': 12,
      '$id$': '4',
      '$element$': [MockElement],
      '$refMap$': [],
      li: [],
      '$tasks$': null,
      '$seq$': [Array],
      '$slots$': [],
      '$scopeIds$': null,
      '$appendStyles$': null,
      '$props$': {},
      '$vdom$': null,
      '$componentQrl$': [AsyncFunction],
      '$contexts$': null,
      '$dynamicSlots$': [Array],
      '$parentCtx$': [Object],
      '$realParentCtx$': [Object]
    }
  }
}
QWIK WARN State mutation inside render function. Use useTask$() instead. <ref *1> MockElement {
  nodeType: 111,
  _qc_: {
    '$flags$': 4,
    '$id$': '',
    '$element$': [Circular *1],
    '$refMap$': [],
    li: [],
    '$tasks$': null,
    '$seq$': [
      'crtkd5-0',
      [SignalImpl],
      [SignalImpl],
      [SignalImpl],
      [SignalImpl],
      [SignalImpl],
      [SignalImpl],
      [SignalImpl],
      [SignalImpl]
    ],
    '$slots$': [],
    '$scopeIds$': [ '⭐️crtkd5-0' ],
    '$appendStyles$': [ [Object] ],
    '$props$': { [Symbol(IMMUTABLE)]: {} },
    '$vdom$': null,
    '$componentQrl$': [AsyncFunction: qrl2] {
      getSymbol: [Function: getSymbol],
      getHash: [Function: getHash],
      getCaptured: [Function: getCaptured],
      resolve: [AsyncFunction: resolve],
      '$resolveLazy$': [Function: resolveLazy],
      '$setContainer$': [Function: setContainer],
      '$chunk$': null,
      '$symbol$': 'routes_component_xYL1qOwPyDI',
      '$refSymbol$': null,
      '$hash$': 'xYL1qOwPyDI',
      getFn: [Function: invokeFn],
      '$capture$': null,
      '$captureRef$': [],
      dev: [Object],
      resolved: [Function: routes_component_xYL1qOwPyDI]
    },
    '$contexts$': null,
    '$dynamicSlots$': null,
    '$parentCtx$': {
      '$flags$': 0,
      '$id$': '',
      '$element$': [MockElement],
      '$refMap$': [],
      li: [],
      '$tasks$': null,
      '$seq$': null,
      '$slots$': null,
      '$scopeIds$': null,
      '$appendStyles$': null,
      '$props$': null,
      '$vdom$': null,
      '$componentQrl$': null,
      '$contexts$': null,
      '$dynamicSlots$': null,
      '$parentCtx$': [Object],
      '$realParentCtx$': undefined
    },
    '$realParentCtx$': {
      '$flags$': 12,
      '$id$': '4',
      '$element$': [MockElement],
      '$refMap$': [],
      li: [],
      '$tasks$': null,
      '$seq$': [Array],
      '$slots$': [],
      '$scopeIds$': null,
      '$appendStyles$': null,
      '$props$': {},
      '$vdom$': null,
      '$componentQrl$': [AsyncFunction],
      '$contexts$': null,
      '$dynamicSlots$': [Array],
      '$parentCtx$': [Object],
      '$realParentCtx$': [Object]
    }
  }
}
QWIK WARN State mutation inside render function. Use useTask$() instead. <ref *1> MockElement {
  nodeType: 111,
  _qc_: {
    '$flags$': 5,
    '$id$': '',
    '$element$': [Circular *1],
    '$refMap$': [],
    li: [],
    '$tasks$': null,
    '$seq$': [
      'crtkd5-0',
      [SignalImpl],
      [SignalImpl],
      [SignalImpl],
      [SignalImpl],
      [SignalImpl],
      [SignalImpl],
      [SignalImpl],
      [SignalImpl]
    ],
    '$slots$': [],
    '$scopeIds$': [ '⭐️crtkd5-0' ],
    '$appendStyles$': [ [Object] ],
    '$props$': { [Symbol(IMMUTABLE)]: {} },
    '$vdom$': null,
    '$componentQrl$': [AsyncFunction: qrl2] {
      getSymbol: [Function: getSymbol],
      getHash: [Function: getHash],
      getCaptured: [Function: getCaptured],
      resolve: [AsyncFunction: resolve],
      '$resolveLazy$': [Function: resolveLazy],
      '$setContainer$': [Function: setContainer],
      '$chunk$': null,
      '$symbol$': 'routes_component_xYL1qOwPyDI',
      '$refSymbol$': null,
      '$hash$': 'xYL1qOwPyDI',
      getFn: [Function: invokeFn],
      '$capture$': null,
      '$captureRef$': [],
      dev: [Object],
      resolved: [Function: routes_component_xYL1qOwPyDI]
    },
    '$contexts$': null,
    '$dynamicSlots$': null,
    '$parentCtx$': {
      '$flags$': 0,
      '$id$': '',
      '$element$': [MockElement],
      '$refMap$': [],
      li: [],
      '$tasks$': null,
      '$seq$': null,
      '$slots$': null,
      '$scopeIds$': null,
      '$appendStyles$': null,
      '$props$': null,
      '$vdom$': null,
      '$componentQrl$': null,
      '$contexts$': null,
      '$dynamicSlots$': null,
      '$parentCtx$': [Object],
      '$realParentCtx$': undefined
    },
    '$realParentCtx$': {
      '$flags$': 12,
      '$id$': '4',
      '$element$': [MockElement],
      '$refMap$': [],
      li: [],
      '$tasks$': null,
      '$seq$': [Array],
      '$slots$': [],
      '$scopeIds$': null,
      '$appendStyles$': null,
      '$props$': {},
      '$vdom$': null,
      '$componentQrl$': [AsyncFunction],
      '$contexts$': null,
      '$dynamicSlots$': [Array],
      '$parentCtx$': [Object],
      '$realParentCtx$': [Object]
    }
  }
}
QWIK WARN State mutation inside render function. Use useTask$() instead. <ref *1> MockElement {
  nodeType: 111,
  _qc_: {
    '$flags$': 5,
    '$id$': '',
    '$element$': [Circular *1],
    '$refMap$': [],
    li: [],
    '$tasks$': null,
    '$seq$': [
      'crtkd5-0',
      [SignalImpl],
      [SignalImpl],
      [SignalImpl],
      [SignalImpl],
      [SignalImpl],
      [SignalImpl],
      [SignalImpl],
      [SignalImpl]
    ],
    '$slots$': [],
    '$scopeIds$': [ '⭐️crtkd5-0' ],
    '$appendStyles$': [ [Object] ],
    '$props$': { [Symbol(IMMUTABLE)]: {} },
    '$vdom$': null,
    '$componentQrl$': [AsyncFunction: qrl2] {
      getSymbol: [Function: getSymbol],
      getHash: [Function: getHash],
      getCaptured: [Function: getCaptured],
      resolve: [AsyncFunction: resolve],
      '$resolveLazy$': [Function: resolveLazy],
      '$setContainer$': [Function: setContainer],
      '$chunk$': null,
      '$symbol$': 'routes_component_xYL1qOwPyDI',
      '$refSymbol$': null,
      '$hash$': 'xYL1qOwPyDI',
      getFn: [Function: invokeFn],
      '$capture$': null,
      '$captureRef$': [],
      dev: [Object],
      resolved: [Function: routes_component_xYL1qOwPyDI]
    },
    '$contexts$': null,
    '$dynamicSlots$': null,
    '$parentCtx$': {
      '$flags$': 0,
      '$id$': '',
      '$element$': [MockElement],
      '$refMap$': [],
      li: [],
      '$tasks$': null,
      '$seq$': null,
      '$slots$': null,
      '$scopeIds$': null,
      '$appendStyles$': null,
      '$props$': null,
      '$vdom$': null,
      '$componentQrl$': null,
      '$contexts$': null,
      '$dynamicSlots$': null,
      '$parentCtx$': [Object],
      '$realParentCtx$': undefined
    },
    '$realParentCtx$': {
      '$flags$': 12,
      '$id$': '4',
      '$element$': [MockElement],
      '$refMap$': [],
      li: [],
      '$tasks$': null,
      '$seq$': [Array],
      '$slots$': [],
      '$scopeIds$': null,
      '$appendStyles$': null,
      '$props$': {},
      '$vdom$': null,
      '$componentQrl$': [AsyncFunction],
      '$contexts$': null,
      '$dynamicSlots$': [Array],
      '$parentCtx$': [Object],
      '$realParentCtx$': [Object]
    }
  }
}
QWIK WARN State mutation inside render function. Use useTask$() instead. <ref *1> MockElement {
  nodeType: 111,
  _qc_: {
    '$flags$': 5,
    '$id$': '',
    '$element$': [Circular *1],
    '$refMap$': [],
    li: [],
    '$tasks$': null,
    '$seq$': [
      'crtkd5-0',
      [SignalImpl],
      [SignalImpl],
      [SignalImpl],
      [SignalImpl],
      [SignalImpl],
      [SignalImpl],
      [SignalImpl],
      [SignalImpl]
    ],
    '$slots$': [],
    '$scopeIds$': [ '⭐️crtkd5-0' ],
    '$appendStyles$': [ [Object] ],
    '$props$': { [Symbol(IMMUTABLE)]: {} },
    '$vdom$': null,
    '$componentQrl$': [AsyncFunction: qrl2] {
      getSymbol: [Function: getSymbol],
      getHash: [Function: getHash],
      getCaptured: [Function: getCaptured],
      resolve: [AsyncFunction: resolve],
      '$resolveLazy$': [Function: resolveLazy],
      '$setContainer$': [Function: setContainer],
      '$chunk$': null,
      '$symbol$': 'routes_component_xYL1qOwPyDI',
      '$refSymbol$': null,
      '$hash$': 'xYL1qOwPyDI',
      getFn: [Function: invokeFn],
      '$capture$': null,
      '$captureRef$': [],
      dev: [Object],
      resolved: [Function: routes_component_xYL1qOwPyDI]
    },
    '$contexts$': null,
    '$dynamicSlots$': null,
    '$parentCtx$': {
      '$flags$': 0,
      '$id$': '',
      '$element$': [MockElement],
      '$refMap$': [],
      li: [],
      '$tasks$': null,
      '$seq$': null,
      '$slots$': null,
      '$scopeIds$': null,
      '$appendStyles$': null,
      '$props$': null,
      '$vdom$': null,
      '$componentQrl$': null,
      '$contexts$': null,
      '$dynamicSlots$': null,
      '$parentCtx$': [Object],
      '$realParentCtx$': undefined
    },
    '$realParentCtx$': {
      '$flags$': 12,
      '$id$': '4',
      '$element$': [MockElement],
      '$refMap$': [],
      li: [],
      '$tasks$': null,
      '$seq$': [Array],
      '$slots$': [],
      '$scopeIds$': null,
      '$appendStyles$': null,
      '$props$': {},
      '$vdom$': null,
      '$componentQrl$': [AsyncFunction],
      '$contexts$': null,
      '$dynamicSlots$': [Array],
      '$parentCtx$': [Object],
      '$realParentCtx$': [Object]
    }
  }
}
QWIK WARN State mutation inside render function. Use useTask$() instead. <ref *1> MockElement {
  nodeType: 111,
  _qc_: {
    '$flags$': 5,
    '$id$': '',
    '$element$': [Circular *1],
    '$refMap$': [],
    li: [],
    '$tasks$': null,
    '$seq$': [
      'crtkd5-0',
      [SignalImpl],
      [SignalImpl],
      [SignalImpl],
      [SignalImpl],
      [SignalImpl],
      [SignalImpl],
      [SignalImpl],
      [SignalImpl]
    ],
    '$slots$': [],
    '$scopeIds$': [ '⭐️crtkd5-0' ],
    '$appendStyles$': [ [Object] ],
    '$props$': { [Symbol(IMMUTABLE)]: {} },
    '$vdom$': null,
    '$componentQrl$': [AsyncFunction: qrl2] {
      getSymbol: [Function: getSymbol],
      getHash: [Function: getHash],
      getCaptured: [Function: getCaptured],
      resolve: [AsyncFunction: resolve],
      '$resolveLazy$': [Function: resolveLazy],
      '$setContainer$': [Function: setContainer],
      '$chunk$': null,
      '$symbol$': 'routes_component_xYL1qOwPyDI',
      '$refSymbol$': null,
      '$hash$': 'xYL1qOwPyDI',
      getFn: [Function: invokeFn],
      '$capture$': null,
      '$captureRef$': [],
      dev: [Object],
      resolved: [Function: routes_component_xYL1qOwPyDI]
    },
    '$contexts$': null,
    '$dynamicSlots$': null,
    '$parentCtx$': {
      '$flags$': 0,
      '$id$': '',
      '$element$': [MockElement],
      '$refMap$': [],
      li: [],
      '$tasks$': null,
      '$seq$': null,
      '$slots$': null,
      '$scopeIds$': null,
      '$appendStyles$': null,
      '$props$': null,
      '$vdom$': null,
      '$componentQrl$': null,
      '$contexts$': null,
      '$dynamicSlots$': null,
      '$parentCtx$': [Object],
      '$realParentCtx$': undefined
    },
    '$realParentCtx$': {
      '$flags$': 12,
      '$id$': '4',
      '$element$': [MockElement],
      '$refMap$': [],
      li: [],
      '$tasks$': null,
      '$seq$': [Array],
      '$slots$': [],
      '$scopeIds$': null,
      '$appendStyles$': null,
      '$props$': {},
      '$vdom$': null,
      '$componentQrl$': [AsyncFunction],
      '$contexts$': null,
      '$dynamicSlots$': [Array],
      '$parentCtx$': [Object],
      '$realParentCtx$': [Object]
    }
  }
}
QWIK WARN State mutation inside render function. Use useTask$() instead. <ref *1> MockElement {
  nodeType: 111,
  _qc_: {
    '$flags$': 5,
    '$id$': '',
    '$element$': [Circular *1],
    '$refMap$': [],
    li: [],
    '$tasks$': null,
    '$seq$': [
      'crtkd5-0',
      [SignalImpl],
      [SignalImpl],
      [SignalImpl],
      [SignalImpl],
      [SignalImpl],
      [SignalImpl],
      [SignalImpl],
      [SignalImpl]
    ],
    '$slots$': [],
    '$scopeIds$': [ '⭐️crtkd5-0' ],
    '$appendStyles$': [ [Object] ],
    '$props$': { [Symbol(IMMUTABLE)]: {} },
    '$vdom$': null,
    '$componentQrl$': [AsyncFunction: qrl2] {
      getSymbol: [Function: getSymbol],
      getHash: [Function: getHash],
      getCaptured: [Function: getCaptured],
      resolve: [AsyncFunction: resolve],
      '$resolveLazy$': [Function: resolveLazy],
      '$setContainer$': [Function: setContainer],
      '$chunk$': null,
      '$symbol$': 'routes_component_xYL1qOwPyDI',
      '$refSymbol$': null,
      '$hash$': 'xYL1qOwPyDI',
      getFn: [Function: invokeFn],
      '$capture$': null,
      '$captureRef$': [],
      dev: [Object],
      resolved: [Function: routes_component_xYL1qOwPyDI]
    },
    '$contexts$': null,
    '$dynamicSlots$': null,
    '$parentCtx$': {
      '$flags$': 0,
      '$id$': '',
      '$element$': [MockElement],
      '$refMap$': [],
      li: [],
      '$tasks$': null,
      '$seq$': null,
      '$slots$': null,
      '$scopeIds$': null,
      '$appendStyles$': null,
      '$props$': null,
      '$vdom$': null,
      '$componentQrl$': null,
      '$contexts$': null,
      '$dynamicSlots$': null,
      '$parentCtx$': [Object],
      '$realParentCtx$': undefined
    },
    '$realParentCtx$': {
      '$flags$': 12,
      '$id$': '4',
      '$element$': [MockElement],
      '$refMap$': [],
      li: [],
      '$tasks$': null,
      '$seq$': [Array],
      '$slots$': [],
      '$scopeIds$': null,
      '$appendStyles$': null,
      '$props$': {},
      '$vdom$': null,
      '$componentQrl$': [AsyncFunction],
      '$contexts$': null,
      '$dynamicSlots$': [Array],
      '$parentCtx$': [Object],
      '$realParentCtx$': [Object]
    }
  }
}
QWIK WARN State mutation inside render function. Use useTask$() instead. <ref *1> MockElement {
  nodeType: 111,
  _qc_: {
    '$flags$': 4,
    '$id$': '',
    '$element$': [Circular *1],
    '$refMap$': [],
    li: [],
    '$tasks$': null,
    '$seq$': [
      'crtkd5-0',
      [SignalImpl],
      [SignalImpl],
      [SignalImpl],
      [SignalImpl],
      [SignalImpl],
      [SignalImpl],
      [SignalImpl],
      [SignalImpl]
    ],
    '$slots$': [],
    '$scopeIds$': [ '⭐️crtkd5-0' ],
    '$appendStyles$': [ [Object] ],
    '$props$': { [Symbol(IMMUTABLE)]: {} },
    '$vdom$': null,
    '$componentQrl$': [AsyncFunction: qrl2] {
      getSymbol: [Function: getSymbol],
      getHash: [Function: getHash],
      getCaptured: [Function: getCaptured],
      resolve: [AsyncFunction: resolve],
      '$resolveLazy$': [Function: resolveLazy],
      '$setContainer$': [Function: setContainer],
      '$chunk$': null,
      '$symbol$': 'routes_component_xYL1qOwPyDI',
      '$refSymbol$': null,
      '$hash$': 'xYL1qOwPyDI',
      getFn: [Function: invokeFn],
      '$capture$': null,
      '$captureRef$': [],
      dev: [Object],
      resolved: [Function: routes_component_xYL1qOwPyDI]
    },
    '$contexts$': null,
    '$dynamicSlots$': null,
    '$parentCtx$': {
      '$flags$': 0,
      '$id$': '',
      '$element$': [MockElement],
      '$refMap$': [],
      li: [],
      '$tasks$': null,
      '$seq$': null,
      '$slots$': null,
      '$scopeIds$': null,
      '$appendStyles$': null,
      '$props$': null,
      '$vdom$': null,
      '$componentQrl$': null,
      '$contexts$': null,
      '$dynamicSlots$': null,
      '$parentCtx$': [Object],
      '$realParentCtx$': undefined
    },
    '$realParentCtx$': {
      '$flags$': 12,
      '$id$': '4',
      '$element$': [MockElement],
      '$refMap$': [],
      li: [],
      '$tasks$': null,
      '$seq$': [Array],
      '$slots$': [],
      '$scopeIds$': null,
      '$appendStyles$': null,
      '$props$': {},
      '$vdom$': null,
      '$componentQrl$': [AsyncFunction],
      '$contexts$': null,
      '$dynamicSlots$': [Array],
      '$parentCtx$': [Object],
      '$realParentCtx$': [Object]
    }
  }
}
QWIK WARN State mutation inside render function. Use useTask$() instead. <ref *1> MockElement {
  nodeType: 111,
  _qc_: {
    '$flags$': 5,
    '$id$': '',
    '$element$': [Circular *1],
    '$refMap$': [],
    li: [],
    '$tasks$': null,
    '$seq$': [
      'crtkd5-0',
      [SignalImpl],
      [SignalImpl],
      [SignalImpl],
      [SignalImpl],
      [SignalImpl],
      [SignalImpl],
      [SignalImpl],
      [SignalImpl]
    ],
    '$slots$': [],
    '$scopeIds$': [ '⭐️crtkd5-0' ],
    '$appendStyles$': [ [Object] ],
    '$props$': { [Symbol(IMMUTABLE)]: {} },
    '$vdom$': null,
    '$componentQrl$': [AsyncFunction: qrl2] {
      getSymbol: [Function: getSymbol],
      getHash: [Function: getHash],
      getCaptured: [Function: getCaptured],
      resolve: [AsyncFunction: resolve],
      '$resolveLazy$': [Function: resolveLazy],
      '$setContainer$': [Function: setContainer],
      '$chunk$': null,
      '$symbol$': 'routes_component_xYL1qOwPyDI',
      '$refSymbol$': null,
      '$hash$': 'xYL1qOwPyDI',
      getFn: [Function: invokeFn],
      '$capture$': null,
      '$captureRef$': [],
      dev: [Object],
      resolved: [Function: routes_component_xYL1qOwPyDI]
    },
    '$contexts$': null,
    '$dynamicSlots$': null,
    '$parentCtx$': {
      '$flags$': 0,
      '$id$': '',
      '$element$': [MockElement],
      '$refMap$': [],
      li: [],
      '$tasks$': null,
      '$seq$': null,
      '$slots$': null,
      '$scopeIds$': null,
      '$appendStyles$': null,
      '$props$': null,
      '$vdom$': null,
      '$componentQrl$': null,
      '$contexts$': null,
      '$dynamicSlots$': null,
      '$parentCtx$': [Object],
      '$realParentCtx$': undefined
    },
    '$realParentCtx$': {
      '$flags$': 12,
      '$id$': '4',
      '$element$': [MockElement],
      '$refMap$': [],
      li: [],
      '$tasks$': null,
      '$seq$': [Array],
      '$slots$': [],
      '$scopeIds$': null,
      '$appendStyles$': null,
      '$props$': {},
      '$vdom$': null,
      '$componentQrl$': [AsyncFunction],
      '$contexts$': null,
      '$dynamicSlots$': [Array],
      '$parentCtx$': [Object],
      '$realParentCtx$': [Object]
    }
  }
}
QWIK WARN State mutation inside render function. Use useTask$() instead. <ref *1> MockElement {
  nodeType: 111,
  _qc_: {
    '$flags$': 5,
    '$id$': '',
    '$element$': [Circular *1],
    '$refMap$': [],
    li: [],
    '$tasks$': null,
    '$seq$': [
      'crtkd5-0',
      [SignalImpl],
      [SignalImpl],
      [SignalImpl],
      [SignalImpl],
      [SignalImpl],
      [SignalImpl],
      [SignalImpl],
      [SignalImpl]
    ],
    '$slots$': [],
    '$scopeIds$': [ '⭐️crtkd5-0' ],
    '$appendStyles$': [ [Object] ],
    '$props$': { [Symbol(IMMUTABLE)]: {} },
    '$vdom$': null,
    '$componentQrl$': [AsyncFunction: qrl2] {
      getSymbol: [Function: getSymbol],
      getHash: [Function: getHash],
      getCaptured: [Function: getCaptured],
      resolve: [AsyncFunction: resolve],
      '$resolveLazy$': [Function: resolveLazy],
      '$setContainer$': [Function: setContainer],
      '$chunk$': null,
      '$symbol$': 'routes_component_xYL1qOwPyDI',
      '$refSymbol$': null,
      '$hash$': 'xYL1qOwPyDI',
      getFn: [Function: invokeFn],
      '$capture$': null,
      '$captureRef$': [],
      dev: [Object],
      resolved: [Function: routes_component_xYL1qOwPyDI]
    },
    '$contexts$': null,
    '$dynamicSlots$': null,
    '$parentCtx$': {
      '$flags$': 0,
      '$id$': '',
      '$element$': [MockElement],
      '$refMap$': [],
      li: [],
      '$tasks$': null,
      '$seq$': null,
      '$slots$': null,
      '$scopeIds$': null,
      '$appendStyles$': null,
      '$props$': null,
      '$vdom$': null,
      '$componentQrl$': null,
      '$contexts$': null,
      '$dynamicSlots$': null,
      '$parentCtx$': [Object],
      '$realParentCtx$': undefined
    },
    '$realParentCtx$': {
      '$flags$': 12,
      '$id$': '4',
      '$element$': [MockElement],
      '$refMap$': [],
      li: [],
      '$tasks$': null,
      '$seq$': [Array],
      '$slots$': [],
      '$scopeIds$': null,
      '$appendStyles$': null,
      '$props$': {},
      '$vdom$': null,
      '$componentQrl$': [AsyncFunction],
      '$contexts$': null,
      '$dynamicSlots$': [Array],
      '$parentCtx$': [Object],
      '$realParentCtx$': [Object]
    }
  }
}
QWIK WARN State mutation inside render function. Use useTask$() instead. <ref *1> MockElement {
  nodeType: 111,
  _qc_: {
    '$flags$': 5,
    '$id$': '',
    '$element$': [Circular *1],
    '$refMap$': [],
    li: [],
    '$tasks$': null,
    '$seq$': [
      'crtkd5-0',
      [SignalImpl],
      [SignalImpl],
      [SignalImpl],
      [SignalImpl],
      [SignalImpl],
      [SignalImpl],
      [SignalImpl],
      [SignalImpl]
    ],
    '$slots$': [],
    '$scopeIds$': [ '⭐️crtkd5-0' ],
    '$appendStyles$': [ [Object] ],
    '$props$': { [Symbol(IMMUTABLE)]: {} },
    '$vdom$': null,
    '$componentQrl$': [AsyncFunction: qrl2] {
      getSymbol: [Function: getSymbol],
      getHash: [Function: getHash],
      getCaptured: [Function: getCaptured],
      resolve: [AsyncFunction: resolve],
      '$resolveLazy$': [Function: resolveLazy],
      '$setContainer$': [Function: setContainer],
      '$chunk$': null,
      '$symbol$': 'routes_component_xYL1qOwPyDI',
      '$refSymbol$': null,
      '$hash$': 'xYL1qOwPyDI',
      getFn: [Function: invokeFn],
      '$capture$': null,
      '$captureRef$': [],
      dev: [Object],
      resolved: [Function: routes_component_xYL1qOwPyDI]
    },
    '$contexts$': null,
    '$dynamicSlots$': null,
    '$parentCtx$': {
      '$flags$': 0,
      '$id$': '',
      '$element$': [MockElement],
      '$refMap$': [],
      li: [],
      '$tasks$': null,
      '$seq$': null,
      '$slots$': null,
      '$scopeIds$': null,
      '$appendStyles$': null,
      '$props$': null,
      '$vdom$': null,
      '$componentQrl$': null,
      '$contexts$': null,
      '$dynamicSlots$': null,
      '$parentCtx$': [Object],
      '$realParentCtx$': undefined
    },
    '$realParentCtx$': {
      '$flags$': 12,
      '$id$': '4',
      '$element$': [MockElement],
      '$refMap$': [],
      li: [],
      '$tasks$': null,
      '$seq$': [Array],
      '$slots$': [],
      '$scopeIds$': null,
      '$appendStyles$': null,
      '$props$': {},
      '$vdom$': null,
      '$componentQrl$': [AsyncFunction],
      '$contexts$': null,
      '$dynamicSlots$': [Array],
      '$parentCtx$': [Object],
      '$realParentCtx$': [Object]
    }
  }
}
QWIK WARN State mutation inside render function. Use useTask$() instead. <ref *1> MockElement {
  nodeType: 111,
  _qc_: {
    '$flags$': 5,
    '$id$': '',
    '$element$': [Circular *1],
    '$refMap$': [],
    li: [],
    '$tasks$': null,
    '$seq$': [
      'crtkd5-0',
      [SignalImpl],
      [SignalImpl],
      [SignalImpl],
      [SignalImpl],
      [SignalImpl],
      [SignalImpl],
      [SignalImpl],
      [SignalImpl]
    ],
    '$slots$': [],
    '$scopeIds$': [ '⭐️crtkd5-0' ],
    '$appendStyles$': [ [Object] ],
    '$props$': { [Symbol(IMMUTABLE)]: {} },
    '$vdom$': null,
    '$componentQrl$': [AsyncFunction: qrl2] {
      getSymbol: [Function: getSymbol],
      getHash: [Function: getHash],
      getCaptured: [Function: getCaptured],
      resolve: [AsyncFunction: resolve],
      '$resolveLazy$': [Function: resolveLazy],
      '$setContainer$': [Function: setContainer],
      '$chunk$': null,
      '$symbol$': 'routes_component_xYL1qOwPyDI',
      '$refSymbol$': null,
      '$hash$': 'xYL1qOwPyDI',
      getFn: [Function: invokeFn],
      '$capture$': null,
      '$captureRef$': [],
      dev: [Object],
      resolved: [Function: routes_component_xYL1qOwPyDI]
    },
    '$contexts$': null,
    '$dynamicSlots$': null,
    '$parentCtx$': {
      '$flags$': 0,
      '$id$': '',
      '$element$': [MockElement],
      '$refMap$': [],
      li: [],
      '$tasks$': null,
      '$seq$': null,
      '$slots$': null,
      '$scopeIds$': null,
      '$appendStyles$': null,
      '$props$': null,
      '$vdom$': null,
      '$componentQrl$': null,
      '$contexts$': null,
      '$dynamicSlots$': null,
      '$parentCtx$': [Object],
      '$realParentCtx$': undefined
    },
    '$realParentCtx$': {
      '$flags$': 12,
      '$id$': '4',
      '$element$': [MockElement],
      '$refMap$': [],
      li: [],
      '$tasks$': null,
      '$seq$': [Array],
      '$slots$': [],
      '$scopeIds$': null,
      '$appendStyles$': null,
      '$props$': {},
      '$vdom$': null,
      '$componentQrl$': [AsyncFunction],
      '$contexts$': null,
      '$dynamicSlots$': [Array],
      '$parentCtx$': [Object],
      '$realParentCtx$': [Object]
    }
  }
}
QWIK WARN State mutation inside render function. Use useTask$() instead. <ref *1> MockElement {
  nodeType: 111,
  _qc_: {
    '$flags$': 5,
    '$id$': '',
    '$element$': [Circular *1],
    '$refMap$': [],
    li: [],
    '$tasks$': null,
    '$seq$': [
      'crtkd5-0',
      [SignalImpl],
      [SignalImpl],
      [SignalImpl],
      [SignalImpl],
      [SignalImpl],
      [SignalImpl],
      [SignalImpl],
      [SignalImpl]
    ],
    '$slots$': [],
    '$scopeIds$': [ '⭐️crtkd5-0' ],
    '$appendStyles$': [ [Object] ],
    '$props$': { [Symbol(IMMUTABLE)]: {} },
    '$vdom$': null,
    '$componentQrl$': [AsyncFunction: qrl2] {
      getSymbol: [Function: getSymbol],
      getHash: [Function: getHash],
      getCaptured: [Function: getCaptured],
      resolve: [AsyncFunction: resolve],
      '$resolveLazy$': [Function: resolveLazy],
      '$setContainer$': [Function: setContainer],
      '$chunk$': null,
      '$symbol$': 'routes_component_xYL1qOwPyDI',
      '$refSymbol$': null,
      '$hash$': 'xYL1qOwPyDI',
      getFn: [Function: invokeFn],
      '$capture$': null,
      '$captureRef$': [],
      dev: [Object],
      resolved: [Function: routes_component_xYL1qOwPyDI]
    },
    '$contexts$': null,
    '$dynamicSlots$': null,
    '$parentCtx$': {
      '$flags$': 0,
      '$id$': '',
      '$element$': [MockElement],
      '$refMap$': [],
      li: [],
      '$tasks$': null,
      '$seq$': null,
      '$slots$': null,
      '$scopeIds$': null,
      '$appendStyles$': null,
      '$props$': null,
      '$vdom$': null,
      '$componentQrl$': null,
      '$contexts$': null,
      '$dynamicSlots$': null,
      '$parentCtx$': [Object],
      '$realParentCtx$': undefined
    },
    '$realParentCtx$': {
      '$flags$': 12,
      '$id$': '4',
      '$element$': [MockElement],
      '$refMap$': [],
      li: [],
      '$tasks$': null,
      '$seq$': [Array],
      '$slots$': [],
      '$scopeIds$': null,
      '$appendStyles$': null,
      '$props$': {},
      '$vdom$': null,
      '$componentQrl$': [AsyncFunction],
      '$contexts$': null,
      '$dynamicSlots$': [Array],
      '$parentCtx$': [Object],
      '$realParentCtx$': [Object]
    }
  }
}
QWIK WARN State mutation inside render function. Use useTask$() instead. <ref *1> MockElement {
  nodeType: 111,
  _qc_: {
    '$flags$': 4,
    '$id$': '',
    '$element$': [Circular *1],
    '$refMap$': [],
    li: [],
    '$tasks$': null,
    '$seq$': [
      'crtkd5-0',
      [SignalImpl],
      [SignalImpl],
      [SignalImpl],
      [SignalImpl],
      [SignalImpl],
      [SignalImpl],
      [SignalImpl],
      [SignalImpl]
    ],
    '$slots$': [],
    '$scopeIds$': [ '⭐️crtkd5-0' ],
    '$appendStyles$': [ [Object] ],
    '$props$': { [Symbol(IMMUTABLE)]: {} },
    '$vdom$': null,
    '$componentQrl$': [AsyncFunction: qrl2] {
      getSymbol: [Function: getSymbol],
      getHash: [Function: getHash],
      getCaptured: [Function: getCaptured],
      resolve: [AsyncFunction: resolve],
      '$resolveLazy$': [Function: resolveLazy],
      '$setContainer$': [Function: setContainer],
      '$chunk$': null,
      '$symbol$': 'routes_component_xYL1qOwPyDI',
      '$refSymbol$': null,
      '$hash$': 'xYL1qOwPyDI',
      getFn: [Function: invokeFn],
      '$capture$': null,
      '$captureRef$': [],
      dev: [Object],
      resolved: [Function: routes_component_xYL1qOwPyDI]
    },
    '$contexts$': null,
    '$dynamicSlots$': null,
    '$parentCtx$': {
      '$flags$': 0,
      '$id$': '',
      '$element$': [MockElement],
      '$refMap$': [],
      li: [],
      '$tasks$': null,
      '$seq$': null,
      '$slots$': null,
      '$scopeIds$': null,
      '$appendStyles$': null,
      '$props$': null,
      '$vdom$': null,
      '$componentQrl$': null,
      '$contexts$': null,
      '$dynamicSlots$': null,
      '$parentCtx$': [Object],
      '$realParentCtx$': undefined
    },
    '$realParentCtx$': {
      '$flags$': 12,
      '$id$': '4',
      '$element$': [MockElement],
      '$refMap$': [],
      li: [],
      '$tasks$': null,
      '$seq$': [Array],
      '$slots$': [],
      '$scopeIds$': null,
      '$appendStyles$': null,
      '$props$': {},
      '$vdom$': null,
      '$componentQrl$': [AsyncFunction],
      '$contexts$': null,
      '$dynamicSlots$': [Array],
      '$parentCtx$': [Object],
      '$realParentCtx$': [Object]
    }
  }
}
QWIK WARN State mutation inside render function. Use useTask$() instead. <ref *1> MockElement {
  nodeType: 111,
  _qc_: {
    '$flags$': 5,
    '$id$': '',
    '$element$': [Circular *1],
    '$refMap$': [],
    li: [],
    '$tasks$': null,
    '$seq$': [
      'crtkd5-0',
      [SignalImpl],
      [SignalImpl],
      [SignalImpl],
      [SignalImpl],
      [SignalImpl],
      [SignalImpl],
      [SignalImpl],
      [SignalImpl]
    ],
    '$slots$': [],
    '$scopeIds$': [ '⭐️crtkd5-0' ],
    '$appendStyles$': [ [Object] ],
    '$props$': { [Symbol(IMMUTABLE)]: {} },
    '$vdom$': null,
    '$componentQrl$': [AsyncFunction: qrl2] {
      getSymbol: [Function: getSymbol],
      getHash: [Function: getHash],
      getCaptured: [Function: getCaptured],
      resolve: [AsyncFunction: resolve],
      '$resolveLazy$': [Function: resolveLazy],
      '$setContainer$': [Function: setContainer],
      '$chunk$': null,
      '$symbol$': 'routes_component_xYL1qOwPyDI',
      '$refSymbol$': null,
      '$hash$': 'xYL1qOwPyDI',
      getFn: [Function: invokeFn],
      '$capture$': null,
      '$captureRef$': [],
      dev: [Object],
      resolved: [Function: routes_component_xYL1qOwPyDI]
    },
    '$contexts$': null,
    '$dynamicSlots$': null,
    '$parentCtx$': {
      '$flags$': 0,
      '$id$': '',
      '$element$': [MockElement],
      '$refMap$': [],
      li: [],
      '$tasks$': null,
      '$seq$': null,
      '$slots$': null,
      '$scopeIds$': null,
      '$appendStyles$': null,
      '$props$': null,
      '$vdom$': null,
      '$componentQrl$': null,
      '$contexts$': null,
      '$dynamicSlots$': null,
      '$parentCtx$': [Object],
      '$realParentCtx$': undefined
    },
    '$realParentCtx$': {
      '$flags$': 12,
      '$id$': '4',
      '$element$': [MockElement],
      '$refMap$': [],
      li: [],
      '$tasks$': null,
      '$seq$': [Array],
      '$slots$': [],
      '$scopeIds$': null,
      '$appendStyles$': null,
      '$props$': {},
      '$vdom$': null,
      '$componentQrl$': [AsyncFunction],
      '$contexts$': null,
      '$dynamicSlots$': [Array],
      '$parentCtx$': [Object],
      '$realParentCtx$': [Object]
    }
  }
}
QWIK WARN State mutation inside render function. Use useTask$() instead. <ref *1> MockElement {
  nodeType: 111,
  _qc_: {
    '$flags$': 5,
    '$id$': '',
    '$element$': [Circular *1],
    '$refMap$': [],
    li: [],
    '$tasks$': null,
    '$seq$': [
      'crtkd5-0',
      [SignalImpl],
      [SignalImpl],
      [SignalImpl],
      [SignalImpl],
      [SignalImpl],
      [SignalImpl],
      [SignalImpl],
      [SignalImpl]
    ],
    '$slots$': [],
    '$scopeIds$': [ '⭐️crtkd5-0' ],
    '$appendStyles$': [ [Object] ],
    '$props$': { [Symbol(IMMUTABLE)]: {} },
    '$vdom$': null,
    '$componentQrl$': [AsyncFunction: qrl2] {
      getSymbol: [Function: getSymbol],
      getHash: [Function: getHash],
      getCaptured: [Function: getCaptured],
      resolve: [AsyncFunction: resolve],
      '$resolveLazy$': [Function: resolveLazy],
      '$setContainer$': [Function: setContainer],
      '$chunk$': null,
      '$symbol$': 'routes_component_xYL1qOwPyDI',
      '$refSymbol$': null,
      '$hash$': 'xYL1qOwPyDI',
      getFn: [Function: invokeFn],
      '$capture$': null,
      '$captureRef$': [],
      dev: [Object],
      resolved: [Function: routes_component_xYL1qOwPyDI]
    },
    '$contexts$': null,
    '$dynamicSlots$': null,
    '$parentCtx$': {
      '$flags$': 0,
      '$id$': '',
      '$element$': [MockElement],
      '$refMap$': [],
      li: [],
      '$tasks$': null,
      '$seq$': null,
      '$slots$': null,
      '$scopeIds$': null,
      '$appendStyles$': null,
      '$props$': null,
      '$vdom$': null,
      '$componentQrl$': null,
      '$contexts$': null,
      '$dynamicSlots$': null,
      '$parentCtx$': [Object],
      '$realParentCtx$': undefined
    },
    '$realParentCtx$': {
      '$flags$': 12,
      '$id$': '4',
      '$element$': [MockElement],
      '$refMap$': [],
      li: [],
      '$tasks$': null,
      '$seq$': [Array],
      '$slots$': [],
      '$scopeIds$': null,
      '$appendStyles$': null,
      '$props$': {},
      '$vdom$': null,
      '$componentQrl$': [AsyncFunction],
      '$contexts$': null,
      '$dynamicSlots$': [Array],
      '$parentCtx$': [Object],
      '$realParentCtx$': [Object]
    }
  }
}
QWIK WARN State mutation inside render function. Use useTask$() instead. <ref *1> MockElement {
  nodeType: 111,
  _qc_: {
    '$flags$': 5,
    '$id$': '',
    '$element$': [Circular *1],
    '$refMap$': [],
    li: [],
    '$tasks$': null,
    '$seq$': [
      'crtkd5-0',
      [SignalImpl],
      [SignalImpl],
      [SignalImpl],
      [SignalImpl],
      [SignalImpl],
      [SignalImpl],
      [SignalImpl],
      [SignalImpl]
    ],
    '$slots$': [],
    '$scopeIds$': [ '⭐️crtkd5-0' ],
    '$appendStyles$': [ [Object] ],
    '$props$': { [Symbol(IMMUTABLE)]: {} },
    '$vdom$': null,
    '$componentQrl$': [AsyncFunction: qrl2] {
      getSymbol: [Function: getSymbol],
      getHash: [Function: getHash],
      getCaptured: [Function: getCaptured],
      resolve: [AsyncFunction: resolve],
      '$resolveLazy$': [Function: resolveLazy],
      '$setContainer$': [Function: setContainer],
      '$chunk$': null,
      '$symbol$': 'routes_component_xYL1qOwPyDI',
      '$refSymbol$': null,
      '$hash$': 'xYL1qOwPyDI',
      getFn: [Function: invokeFn],
      '$capture$': null,
      '$captureRef$': [],
      dev: [Object],
      resolved: [Function: routes_component_xYL1qOwPyDI]
    },
    '$contexts$': null,
    '$dynamicSlots$': null,
    '$parentCtx$': {
      '$flags$': 0,
      '$id$': '',
      '$element$': [MockElement],
      '$refMap$': [],
      li: [],
      '$tasks$': null,
      '$seq$': null,
      '$slots$': null,
      '$scopeIds$': null,
      '$appendStyles$': null,
      '$props$': null,
      '$vdom$': null,
      '$componentQrl$': null,
      '$contexts$': null,
      '$dynamicSlots$': null,
      '$parentCtx$': [Object],
      '$realParentCtx$': undefined
    },
    '$realParentCtx$': {
      '$flags$': 12,
      '$id$': '4',
      '$element$': [MockElement],
      '$refMap$': [],
      li: [],
      '$tasks$': null,
      '$seq$': [Array],
      '$slots$': [],
      '$scopeIds$': null,
      '$appendStyles$': null,
      '$props$': {},
      '$vdom$': null,
      '$componentQrl$': [AsyncFunction],
      '$contexts$': null,
      '$dynamicSlots$': [Array],
      '$parentCtx$': [Object],
      '$realParentCtx$': [Object]
    }
  }
}
QWIK WARN State mutation inside render function. Use useTask$() instead. <ref *1> MockElement {
  nodeType: 111,
  _qc_: {
    '$flags$': 5,
    '$id$': '',
    '$element$': [Circular *1],
    '$refMap$': [],
    li: [],
    '$tasks$': null,
    '$seq$': [
      'crtkd5-0',
      [SignalImpl],
      [SignalImpl],
      [SignalImpl],
      [SignalImpl],
      [SignalImpl],
      [SignalImpl],
      [SignalImpl],
      [SignalImpl]
    ],
    '$slots$': [],
    '$scopeIds$': [ '⭐️crtkd5-0' ],
    '$appendStyles$': [ [Object] ],
    '$props$': { [Symbol(IMMUTABLE)]: {} },
    '$vdom$': null,
    '$componentQrl$': [AsyncFunction: qrl2] {
      getSymbol: [Function: getSymbol],
      getHash: [Function: getHash],
      getCaptured: [Function: getCaptured],
      resolve: [AsyncFunction: resolve],
      '$resolveLazy$': [Function: resolveLazy],
      '$setContainer$': [Function: setContainer],
      '$chunk$': null,
      '$symbol$': 'routes_component_xYL1qOwPyDI',
      '$refSymbol$': null,
      '$hash$': 'xYL1qOwPyDI',
      getFn: [Function: invokeFn],
      '$capture$': null,
      '$captureRef$': [],
      dev: [Object],
      resolved: [Function: routes_component_xYL1qOwPyDI]
    },
    '$contexts$': null,
    '$dynamicSlots$': null,
    '$parentCtx$': {
      '$flags$': 0,
      '$id$': '',
      '$element$': [MockElement],
      '$refMap$': [],
      li: [],
      '$tasks$': null,
      '$seq$': null,
      '$slots$': null,
      '$scopeIds$': null,
      '$appendStyles$': null,
      '$props$': null,
      '$vdom$': null,
      '$componentQrl$': null,
      '$contexts$': null,
      '$dynamicSlots$': null,
      '$parentCtx$': [Object],
      '$realParentCtx$': undefined
    },
    '$realParentCtx$': {
      '$flags$': 12,
      '$id$': '4',
      '$element$': [MockElement],
      '$refMap$': [],
      li: [],
      '$tasks$': null,
      '$seq$': [Array],
      '$slots$': [],
      '$scopeIds$': null,
      '$appendStyles$': null,
      '$props$': {},
      '$vdom$': null,
      '$componentQrl$': [AsyncFunction],
      '$contexts$': null,
      '$dynamicSlots$': [Array],
      '$parentCtx$': [Object],
      '$realParentCtx$': [Object]
    }
  }
}
QWIK WARN State mutation inside render function. Use useTask$() instead. <ref *1> MockElement {
  nodeType: 111,
  _qc_: {
    '$flags$': 5,
    '$id$': '',
    '$element$': [Circular *1],
    '$refMap$': [],
    li: [],
    '$tasks$': null,
    '$seq$': [
      'crtkd5-0',
      [SignalImpl],
      [SignalImpl],
      [SignalImpl],
      [SignalImpl],
      [SignalImpl],
      [SignalImpl],
      [SignalImpl],
      [SignalImpl]
    ],
    '$slots$': [],
    '$scopeIds$': [ '⭐️crtkd5-0' ],
    '$appendStyles$': [ [Object] ],
    '$props$': { [Symbol(IMMUTABLE)]: {} },
    '$vdom$': null,
    '$componentQrl$': [AsyncFunction: qrl2] {
      getSymbol: [Function: getSymbol],
      getHash: [Function: getHash],
      getCaptured: [Function: getCaptured],
      resolve: [AsyncFunction: resolve],
      '$resolveLazy$': [Function: resolveLazy],
      '$setContainer$': [Function: setContainer],
      '$chunk$': null,
      '$symbol$': 'routes_component_xYL1qOwPyDI',
      '$refSymbol$': null,
      '$hash$': 'xYL1qOwPyDI',
      getFn: [Function: invokeFn],
      '$capture$': null,
      '$captureRef$': [],
      dev: [Object],
      resolved: [Function: routes_component_xYL1qOwPyDI]
    },
    '$contexts$': null,
    '$dynamicSlots$': null,
    '$parentCtx$': {
      '$flags$': 0,
      '$id$': '',
      '$element$': [MockElement],
      '$refMap$': [],
      li: [],
      '$tasks$': null,
      '$seq$': null,
      '$slots$': null,
      '$scopeIds$': null,
      '$appendStyles$': null,
      '$props$': null,
      '$vdom$': null,
      '$componentQrl$': null,
      '$contexts$': null,
      '$dynamicSlots$': null,
      '$parentCtx$': [Object],
      '$realParentCtx$': undefined
    },
    '$realParentCtx$': {
      '$flags$': 12,
      '$id$': '4',
      '$element$': [MockElement],
      '$refMap$': [],
      li: [],
      '$tasks$': null,
      '$seq$': [Array],
      '$slots$': [],
      '$scopeIds$': null,
      '$appendStyles$': null,
      '$props$': {},
      '$vdom$': null,
      '$componentQrl$': [AsyncFunction],
      '$contexts$': null,
      '$dynamicSlots$': [Array],
      '$parentCtx$': [Object],
      '$realParentCtx$': [Object]
    }
  }
}
6:08:57 AM [vite] warning: Calling use* methods in wrong function.
  Plugin: vite-plugin-qwik
  File: /home/kavia/workspace/code-generation/fastweatherqwik-842-7b0192e3/weather_frontend/src/routes/index.tsx:105:15
  103|    // To bulletproof the controlled input, we warn (in dev) if query.value is set anywhere but the real input onInput$ handler or initial load logic
  104|    const query = (() => {
  105|      const s = useSignal("");
     |                 ^
  106|      if (process.env.NODE_ENV === "development") {
  107|        let lastSetterStack = "";
QWIK WARN State mutation inside render function. Use useTask$() instead. <ref *1> MockElement {
  nodeType: 111,
  _qc_: {
    '$flags$': 4,
    '$id$': '',
    '$element$': [Circular *1],
    '$refMap$': [],
    li: [],
    '$tasks$': null,
    '$seq$': [
      'crtkd5-0',
      [SignalImpl],
      [SignalImpl],
      [SignalImpl],
      [SignalImpl],
      [SignalImpl],
      [SignalImpl],
      [SignalImpl],
      [SignalImpl]
    ],
    '$slots$': [],
    '$scopeIds$': [ '⭐️crtkd5-0' ],
    '$appendStyles$': [ [Object] ],
    '$props$': { [Symbol(IMMUTABLE)]: {} },
    '$vdom$': null,
    '$componentQrl$': [AsyncFunction: qrl2] {
      getSymbol: [Function: getSymbol],
      getHash: [Function: getHash],
      getCaptured: [Function: getCaptured],
      resolve: [AsyncFunction: resolve],
      '$resolveLazy$': [Function: resolveLazy],
      '$setContainer$': [Function: setContainer],
      '$chunk$': null,
      '$symbol$': 'routes_component_xYL1qOwPyDI',
      '$refSymbol$': null,
      '$hash$': 'xYL1qOwPyDI',
      getFn: [Function: invokeFn],
      '$capture$': null,
      '$captureRef$': [],
      dev: [Object],
      resolved: [Function: routes_component_xYL1qOwPyDI]
    },
    '$contexts$': null,
    '$dynamicSlots$': null,
    '$parentCtx$': {
      '$flags$': 0,
      '$id$': '',
      '$element$': [MockElement],
      '$refMap$': [],
      li: [],
      '$tasks$': null,
      '$seq$': null,
      '$slots$': null,
      '$scopeIds$': null,
      '$appendStyles$': null,
      '$props$': null,
      '$vdom$': null,
      '$componentQrl$': null,
      '$contexts$': null,
      '$dynamicSlots$': null,
      '$parentCtx$': [Object],
      '$realParentCtx$': undefined
    },
    '$realParentCtx$': {
      '$flags$': 12,
      '$id$': '4',
      '$element$': [MockElement],
      '$refMap$': [],
      li: [],
      '$tasks$': null,
      '$seq$': [Array],
      '$slots$': [],
      '$scopeIds$': null,
      '$appendStyles$': null,
      '$props$': {},
      '$vdom$': null,
      '$componentQrl$': [AsyncFunction],
      '$contexts$': null,
      '$dynamicSlots$': [Array],
      '$parentCtx$': [Object],
      '$realParentCtx$': [Object]
    }
  }
}
QWIK WARN State mutation inside render function. Use useTask$() instead. <ref *1> MockElement {
  nodeType: 111,
  _qc_: {
    '$flags$': 5,
    '$id$': '',
    '$element$': [Circular *1],
    '$refMap$': [],
    li: [],
    '$tasks$': null,
    '$seq$': [
      'crtkd5-0',
      [SignalImpl],
      [SignalImpl],
      [SignalImpl],
      [SignalImpl],
      [SignalImpl],
      [SignalImpl],
      [SignalImpl],
      [SignalImpl]
    ],
    '$slots$': [],
    '$scopeIds$': [ '⭐️crtkd5-0' ],
    '$appendStyles$': [ [Object] ],
    '$props$': { [Symbol(IMMUTABLE)]: {} },
    '$vdom$': null,
    '$componentQrl$': [AsyncFunction: qrl2] {
      getSymbol: [Function: getSymbol],
      getHash: [Function: getHash],
      getCaptured: [Function: getCaptured],
      resolve: [AsyncFunction: resolve],
      '$resolveLazy$': [Function: resolveLazy],
      '$setContainer$': [Function: setContainer],
      '$chunk$': null,
      '$symbol$': 'routes_component_xYL1qOwPyDI',
      '$refSymbol$': null,
      '$hash$': 'xYL1qOwPyDI',
      getFn: [Function: invokeFn],
      '$capture$': null,
      '$captureRef$': [],
      dev: [Object],
      resolved: [Function: routes_component_xYL1qOwPyDI]
    },
    '$contexts$': null,
    '$dynamicSlots$': null,
    '$parentCtx$': {
      '$flags$': 0,
      '$id$': '',
      '$element$': [MockElement],
      '$refMap$': [],
      li: [],
      '$tasks$': null,
      '$seq$': null,
      '$slots$': null,
      '$scopeIds$': null,
      '$appendStyles$': null,
      '$props$': null,
      '$vdom$': null,
      '$componentQrl$': null,
      '$contexts$': null,
      '$dynamicSlots$': null,
      '$parentCtx$': [Object],
      '$realParentCtx$': undefined
    },
    '$realParentCtx$': {
      '$flags$': 12,
      '$id$': '4',
      '$element$': [MockElement],
      '$refMap$': [],
      li: [],
      '$tasks$': null,
      '$seq$': [Array],
      '$slots$': [],
      '$scopeIds$': null,
      '$appendStyles$': null,
      '$props$': {},
      '$vdom$': null,
      '$componentQrl$': [AsyncFunction],
      '$contexts$': null,
      '$dynamicSlots$': [Array],
      '$parentCtx$': [Object],
      '$realParentCtx$': [Object]
    }
  }
}
QWIK WARN State mutation inside render function. Use useTask$() instead. <ref *1> MockElement {
  nodeType: 111,
  _qc_: {
    '$flags$': 5,
    '$id$': '',
    '$element$': [Circular *1],
    '$refMap$': [],
    li: [],
    '$tasks$': null,
    '$seq$': [
      'crtkd5-0',
      [SignalImpl],
      [SignalImpl],
      [SignalImpl],
      [SignalImpl],
      [SignalImpl],
      [SignalImpl],
      [SignalImpl],
      [SignalImpl]
    ],
    '$slots$': [],
    '$scopeIds$': [ '⭐️crtkd5-0' ],
    '$appendStyles$': [ [Object] ],
    '$props$': { [Symbol(IMMUTABLE)]: {} },
    '$vdom$': null,
    '$componentQrl$': [AsyncFunction: qrl2] {
      getSymbol: [Function: getSymbol],
      getHash: [Function: getHash],
      getCaptured: [Function: getCaptured],
      resolve: [AsyncFunction: resolve],
      '$resolveLazy$': [Function: resolveLazy],
      '$setContainer$': [Function: setContainer],
      '$chunk$': null,
      '$symbol$': 'routes_component_xYL1qOwPyDI',
      '$refSymbol$': null,
      '$hash$': 'xYL1qOwPyDI',
      getFn: [Function: invokeFn],
      '$capture$': null,
      '$captureRef$': [],
      dev: [Object],
      resolved: [Function: routes_component_xYL1qOwPyDI]
    },
    '$contexts$': null,
    '$dynamicSlots$': null,
    '$parentCtx$': {
      '$flags$': 0,
      '$id$': '',
      '$element$': [MockElement],
      '$refMap$': [],
      li: [],
      '$tasks$': null,
      '$seq$': null,
      '$slots$': null,
      '$scopeIds$': null,
      '$appendStyles$': null,
      '$props$': null,
      '$vdom$': null,
      '$componentQrl$': null,
      '$contexts$': null,
      '$dynamicSlots$': null,
      '$parentCtx$': [Object],
      '$realParentCtx$': undefined
    },
    '$realParentCtx$': {
      '$flags$': 12,
      '$id$': '4',
      '$element$': [MockElement],
      '$refMap$': [],
      li: [],
      '$tasks$': null,
      '$seq$': [Array],
      '$slots$': [],
      '$scopeIds$': null,
      '$appendStyles$': null,
      '$props$': {},
      '$vdom$': null,
      '$componentQrl$': [AsyncFunction],
      '$contexts$': null,
      '$dynamicSlots$': [Array],
      '$parentCtx$': [Object],
      '$realParentCtx$': [Object]
    }
  }
}
QWIK WARN State mutation inside render function. Use useTask$() instead. <ref *1> MockElement {
  nodeType: 111,
  _qc_: {
    '$flags$': 5,
    '$id$': '',
    '$element$': [Circular *1],
    '$refMap$': [],
    li: [],
    '$tasks$': null,
    '$seq$': [
      'crtkd5-0',
      [SignalImpl],
      [SignalImpl],
      [SignalImpl],
      [SignalImpl],
      [SignalImpl],
      [SignalImpl],
      [SignalImpl],
      [SignalImpl]
    ],
    '$slots$': [],
    '$scopeIds$': [ '⭐️crtkd5-0' ],
    '$appendStyles$': [ [Object] ],
    '$props$': { [Symbol(IMMUTABLE)]: {} },
    '$vdom$': null,
    '$componentQrl$': [AsyncFunction: qrl2] {
      getSymbol: [Function: getSymbol],
      getHash: [Function: getHash],
      getCaptured: [Function: getCaptured],
      resolve: [AsyncFunction: resolve],
      '$resolveLazy$': [Function: resolveLazy],
      '$setContainer$': [Function: setContainer],
      '$chunk$': null,
      '$symbol$': 'routes_component_xYL1qOwPyDI',
      '$refSymbol$': null,
      '$hash$': 'xYL1qOwPyDI',
      getFn: [Function: invokeFn],
      '$capture$': null,
      '$captureRef$': [],
      dev: [Object],
      resolved: [Function: routes_component_xYL1qOwPyDI]
    },
    '$contexts$': null,
    '$dynamicSlots$': null,
    '$parentCtx$': {
      '$flags$': 0,
      '$id$': '',
      '$element$': [MockElement],
      '$refMap$': [],
      li: [],
      '$tasks$': null,
      '$seq$': null,
      '$slots$': null,
      '$scopeIds$': null,
      '$appendStyles$': null,
      '$props$': null,
      '$vdom$': null,
      '$componentQrl$': null,
      '$contexts$': null,
      '$dynamicSlots$': null,
      '$parentCtx$': [Object],
      '$realParentCtx$': undefined
    },
    '$realParentCtx$': {
      '$flags$': 12,
      '$id$': '4',
      '$element$': [MockElement],
      '$refMap$': [],
      li: [],
      '$tasks$': null,
      '$seq$': [Array],
      '$slots$': [],
      '$scopeIds$': null,
      '$appendStyles$': null,
      '$props$': {},
      '$vdom$': null,
      '$componentQrl$': [AsyncFunction],
      '$contexts$': null,
      '$dynamicSlots$': [Array],
      '$parentCtx$': [Object],
      '$realParentCtx$': [Object]
    }
  }
}
QWIK WARN State mutation inside render function. Use useTask$() instead. <ref *1> MockElement {
  nodeType: 111,
  _qc_: {
    '$flags$': 5,
    '$id$': '',
    '$element$': [Circular *1],
    '$refMap$': [],
    li: [],
    '$tasks$': null,
    '$seq$': [
      'crtkd5-0',
      [SignalImpl],
      [SignalImpl],
      [SignalImpl],
      [SignalImpl],
      [SignalImpl],
      [SignalImpl],
      [SignalImpl],
      [SignalImpl]
    ],
    '$slots$': [],
    '$scopeIds$': [ '⭐️crtkd5-0' ],
    '$appendStyles$': [ [Object] ],
    '$props$': { [Symbol(IMMUTABLE)]: {} },
    '$vdom$': null,
    '$componentQrl$': [AsyncFunction: qrl2] {
      getSymbol: [Function: getSymbol],
      getHash: [Function: getHash],
      getCaptured: [Function: getCaptured],
      resolve: [AsyncFunction: resolve],
      '$resolveLazy$': [Function: resolveLazy],
      '$setContainer$': [Function: setContainer],
      '$chunk$': null,
      '$symbol$': 'routes_component_xYL1qOwPyDI',
      '$refSymbol$': null,
      '$hash$': 'xYL1qOwPyDI',
      getFn: [Function: invokeFn],
      '$capture$': null,
      '$captureRef$': [],
      dev: [Object],
      resolved: [Function: routes_component_xYL1qOwPyDI]
    },
    '$contexts$': null,
    '$dynamicSlots$': null,
    '$parentCtx$': {
      '$flags$': 0,
      '$id$': '',
      '$element$': [MockElement],
      '$refMap$': [],
      li: [],
      '$tasks$': null,
      '$seq$': null,
      '$slots$': null,
      '$scopeIds$': null,
      '$appendStyles$': null,
      '$props$': null,
      '$vdom$': null,
      '$componentQrl$': null,
      '$contexts$': null,
      '$dynamicSlots$': null,
      '$parentCtx$': [Object],
      '$realParentCtx$': undefined
    },
    '$realParentCtx$': {
      '$flags$': 12,
      '$id$': '4',
      '$element$': [MockElement],
      '$refMap$': [],
      li: [],
      '$tasks$': null,
      '$seq$': [Array],
      '$slots$': [],
      '$scopeIds$': null,
      '$appendStyles$': null,
      '$props$': {},
      '$vdom$': null,
      '$componentQrl$': [AsyncFunction],
      '$contexts$': null,
      '$dynamicSlots$': [Array],
      '$parentCtx$': [Object],
      '$realParentCtx$': [Object]
    }
  }
}
[DEV WARNING] Query input 'value' assigned outside input onInput$: this could break controlled typing! {
  from: 'Error\n' +
    '    at SignalImpl.set [as value] (/home/kavia/workspace/code-generation/fastweatherqwik-842-7b0192e3/weather_frontend/src/routes/index.tsx:180:35)\n' +
    '    at AsyncFunction.routes_component_xYL1qOwPyDI [as resolved] (/home/kavia/workspace/code-generation/fastweatherqwik-842-7b0192e3/weather_frontend/src/routes/index.tsx:219:21)\n' +
    '    at AsyncFunction.invokeApply (/home/kavia/workspace/code-generation/fastweatherqwik-842-7b0192e3/weather_frontend/node_modules/@builder.io/qwik/dist/core.mjs:3728:22)\n' +
    '    at AsyncFunction.invoke (/home/kavia/workspace/code-generation/fastweatherqwik-842-7b0192e3/weather_frontend/node_modules/@builder.io/qwik/dist/core.mjs:3721:22)\n' +
    '    at eval (/home/kavia/workspace/code-generation/fastweatherqwik-842-7b0192e3/weather_frontend/node_modules/@builder.io/qwik/dist/core.mjs:7379:21)\n' +
    '    at maybeThen (/home/kavia/workspace/code-generation/fastweatherqwik-842-7b0192e3/weather_frontend/node_modules/@builder.io/qwik/dist/core.mjs:392:54)\n' +
    '    at eval (/home/kavia/workspace/code-generation/fastweatherqwik-842-7b0192e3/weather_frontend/node_modules/@builder.io/qwik/dist/core.mjs:7371:25)\n' +
    '    at eval (/home/kavia/workspace/code-generation/fastweatherqwik-842-7b0192e3/weather_frontend/node_modules/@builder.io/qwik/dist/core.mjs:1038:25)\n' +
    '    at safeCall (/home/kavia/workspace/code-generation/fastweatherqwik-842-7b0192e3/weather_frontend/node_modules/@builder.io/qwik/dist/core.mjs:381:21)\n' +
    '    at executeComponent (/home/kavia/workspace/code-generation/fastweatherqwik-842-7b0192e3/weather_frontend/node_modules/@builder.io/qwik/dist/core.mjs:1038:10)'
}
6:08:57 AM [vite] Internal server error: Cannot redefine property: value
  File: /home/kavia/workspace/code-generation/fastweatherqwik-842-7b0192e3/weather_frontend/src/routes/index.tsx:116:1
  114|        // Proxy the setter in dev mode
  115|        const origValue = Object.getOwnPropertyDescriptor(s, "value");
  116|        Object.defineProperty(s, "value", {
     |   ^
  117|          get() { return origValue?.get ? origValue.get.call(s) : (s as any)._value; },
  118|          set(v) {
      at Function.defineProperty (<anonymous>)
      at /home/kavia/workspace/code-generation/fastweatherqwik-842-7b0192e3/weather_frontend/src/routes/index.tsx:116:14
      at AsyncFunction.routes_component_xYL1qOwPyDI [as resolved] (/home/kavia/workspace/code-generation/fastweatherqwik-842-7b0192e3/weather_frontend/src/routes/index.tsx:133:4)
      at AsyncFunction.invokeApply (/home/kavia/workspace/code-generation/fastweatherqwik-842-7b0192e3/weather_frontend/node_modules/dist-dev/tsc-out/packages/qwik/dist-dev/tsc-out/packages/qwik/src/core/use/use-core.js:66:26)
      at AsyncFunction.invoke (/home/kavia/workspace/code-generation/fastweatherqwik-842-7b0192e3/weather_frontend/node_modules/dist-dev/tsc-out/packages/qwik/dist-dev/tsc-out/packages/qwik/src/core/use/use-core.js:58:24)
      at /home/kavia/workspace/code-generation/fastweatherqwik-842-7b0192e3/weather_frontend/node_modules/dist-dev/tsc-out/packages/qwik/dist-dev/tsc-out/packages/qwik/src/core/qrl/qrl-class.js:117:27
      at maybeThen (/home/kavia/workspace/code-generation/fastweatherqwik-842-7b0192e3/weather_frontend/node_modules/dist-dev/tsc-out/packages/qwik/dist-dev/tsc-out/packages/qwik/src/core/util/promises.js:20:56)
      at /home/kavia/workspace/code-generation/fastweatherqwik-842-7b0192e3/weather_frontend/node_modules/dist-dev/tsc-out/packages/qwik/dist-dev/tsc-out/packages/qwik/src/core/qrl/qrl-class.js:109:29
      at /home/kavia/workspace/code-generation/fastweatherqwik-842-7b0192e3/weather_frontend/node_modules/dist-dev/tsc-out/packages/qwik/dist-dev/tsc-out/packages/qwik/src/core/render/execute-component.js:41:27
      at safeCall (/home/kavia/workspace/code-generation/fastweatherqwik-842-7b0192e3/weather_frontend/node_modules/dist-dev/tsc-out/packages/qwik/dist-dev/tsc-out/packages/qwik/src/core/util/promises.js:7:25)
QWIK WARN State mutation inside render function. Use useTask$() instead. <ref *1> MockElement {
  nodeType: 111,
  _qc_: {
    '$flags$': 4,
    '$id$': '',
    '$element$': [Circular *1],
    '$refMap$': [],
    li: [],
    '$tasks$': null,
    '$seq$': [
      'crtkd5-0',
      [SignalImpl],
      [SignalImpl],
      [SignalImpl],
      [SignalImpl],
      [SignalImpl],
      [SignalImpl],
      [SignalImpl],
      [SignalImpl]
    ],
    '$slots$': [],
    '$scopeIds$': [ '⭐️crtkd5-0' ],
    '$appendStyles$': [ [Object] ],
    '$props$': { [Symbol(IMMUTABLE)]: {} },
    '$vdom$': null,
    '$componentQrl$': [AsyncFunction: qrl2] {
      getSymbol: [Function: getSymbol],
      getHash: [Function: getHash],
      getCaptured: [Function: getCaptured],
      resolve: [AsyncFunction: resolve],
      '$resolveLazy$': [Function: resolveLazy],
      '$setContainer$': [Function: setContainer],
      '$chunk$': null,
      '$symbol$': 'routes_component_xYL1qOwPyDI',
      '$refSymbol$': null,
      '$hash$': 'xYL1qOwPyDI',
      getFn: [Function: invokeFn],
      '$capture$': null,
      '$captureRef$': [],
      dev: [Object],
      resolved: [Function: routes_component_xYL1qOwPyDI]
    },
    '$contexts$': null,
    '$dynamicSlots$': null,
    '$parentCtx$': {
      '$flags$': 0,
      '$id$': '',
      '$element$': [MockElement],
      '$refMap$': [],
      li: [],
      '$tasks$': null,
      '$seq$': null,
      '$slots$': null,
      '$scopeIds$': null,
      '$appendStyles$': null,
      '$props$': null,
      '$vdom$': null,
      '$componentQrl$': null,
      '$contexts$': null,
      '$dynamicSlots$': null,
      '$parentCtx$': [Object],
      '$realParentCtx$': undefined
    },
    '$realParentCtx$': {
      '$flags$': 12,
      '$id$': '4',
      '$element$': [MockElement],
      '$refMap$': [],
      li: [],
      '$tasks$': null,
      '$seq$': [Array],
      '$slots$': [],
      '$scopeIds$': null,
      '$appendStyles$': null,
      '$props$': {},
      '$vdom$': null,
      '$componentQrl$': [AsyncFunction],
      '$contexts$': null,
      '$dynamicSlots$': [Array],
      '$parentCtx$': [Object],
      '$realParentCtx$': [Object]
    }
  }
}
QWIK WARN State mutation inside render function. Use useTask$() instead. <ref *1> MockElement {
  nodeType: 111,
  _qc_: {
    '$flags$': 5,
    '$id$': '',
    '$element$': [Circular *1],
    '$refMap$': [],
    li: [],
    '$tasks$': null,
    '$seq$': [
      'crtkd5-0',
      [SignalImpl],
      [SignalImpl],
      [SignalImpl],
      [SignalImpl],
      [SignalImpl],
      [SignalImpl],
      [SignalImpl],
      [SignalImpl]
    ],
    '$slots$': [],
    '$scopeIds$': [ '⭐️crtkd5-0' ],
    '$appendStyles$': [ [Object] ],
    '$props$': { [Symbol(IMMUTABLE)]: {} },
    '$vdom$': null,
    '$componentQrl$': [AsyncFunction: qrl2] {
      getSymbol: [Function: getSymbol],
      getHash: [Function: getHash],
      getCaptured: [Function: getCaptured],
      resolve: [AsyncFunction: resolve],
      '$resolveLazy$': [Function: resolveLazy],
      '$setContainer$': [Function: setContainer],
      '$chunk$': null,
      '$symbol$': 'routes_component_xYL1qOwPyDI',
      '$refSymbol$': null,
      '$hash$': 'xYL1qOwPyDI',
      getFn: [Function: invokeFn],
      '$capture$': null,
      '$captureRef$': [],
      dev: [Object],
      resolved: [Function: routes_component_xYL1qOwPyDI]
    },
    '$contexts$': null,
    '$dynamicSlots$': null,
    '$parentCtx$': {
      '$flags$': 0,
      '$id$': '',
      '$element$': [MockElement],
      '$refMap$': [],
      li: [],
      '$tasks$': null,
      '$seq$': null,
      '$slots$': null,
      '$scopeIds$': null,
      '$appendStyles$': null,
      '$props$': null,
      '$vdom$': null,
      '$componentQrl$': null,
      '$contexts$': null,
      '$dynamicSlots$': null,
      '$parentCtx$': [Object],
      '$realParentCtx$': undefined
    },
    '$realParentCtx$': {
      '$flags$': 12,
      '$id$': '4',
      '$element$': [MockElement],
      '$refMap$': [],
      li: [],
      '$tasks$': null,
      '$seq$': [Array],
      '$slots$': [],
      '$scopeIds$': null,
      '$appendStyles$': null,
      '$props$': {},
      '$vdom$': null,
      '$componentQrl$': [AsyncFunction],
      '$contexts$': null,
      '$dynamicSlots$': [Array],
      '$parentCtx$': [Object],
      '$realParentCtx$': [Object]
    }
  }
}
QWIK WARN State mutation inside render function. Use useTask$() instead. <ref *1> MockElement {
  nodeType: 111,
  _qc_: {
    '$flags$': 5,
    '$id$': '',
    '$element$': [Circular *1],
    '$refMap$': [],
    li: [],
    '$tasks$': null,
    '$seq$': [
      'crtkd5-0',
      [SignalImpl],
      [SignalImpl],
      [SignalImpl],
      [SignalImpl],
      [SignalImpl],
      [SignalImpl],
      [SignalImpl],
      [SignalImpl]
    ],
    '$slots$': [],
    '$scopeIds$': [ '⭐️crtkd5-0' ],
    '$appendStyles$': [ [Object] ],
    '$props$': { [Symbol(IMMUTABLE)]: {} },
    '$vdom$': null,
    '$componentQrl$': [AsyncFunction: qrl2] {
      getSymbol: [Function: getSymbol],
      getHash: [Function: getHash],
      getCaptured: [Function: getCaptured],
      resolve: [AsyncFunction: resolve],
      '$resolveLazy$': [Function: resolveLazy],
      '$setContainer$': [Function: setContainer],
      '$chunk$': null,
      '$symbol$': 'routes_component_xYL1qOwPyDI',
      '$refSymbol$': null,
      '$hash$': 'xYL1qOwPyDI',
      getFn: [Function: invokeFn],
      '$capture$': null,
      '$captureRef$': [],
      dev: [Object],
      resolved: [Function: routes_component_xYL1qOwPyDI]
    },
    '$contexts$': null,
    '$dynamicSlots$': null,
    '$parentCtx$': {
      '$flags$': 0,
      '$id$': '',
      '$element$': [MockElement],
      '$refMap$': [],
      li: [],
      '$tasks$': null,
      '$seq$': null,
      '$slots$': null,
      '$scopeIds$': null,
      '$appendStyles$': null,
      '$props$': null,
      '$vdom$': null,
      '$componentQrl$': null,
      '$contexts$': null,
      '$dynamicSlots$': null,
      '$parentCtx$': [Object],
      '$realParentCtx$': undefined
    },
    '$realParentCtx$': {
      '$flags$': 12,
      '$id$': '4',
      '$element$': [MockElement],
      '$refMap$': [],
      li: [],
      '$tasks$': null,
      '$seq$': [Array],
      '$slots$': [],
      '$scopeIds$': null,
      '$appendStyles$': null,
      '$props$': {},
      '$vdom$': null,
      '$componentQrl$': [AsyncFunction],
      '$contexts$': null,
      '$dynamicSlots$': [Array],
      '$parentCtx$': [Object],
      '$realParentCtx$': [Object]
    }
  }
}
QWIK WARN State mutation inside render function. Use useTask$() instead. <ref *1> MockElement {
  nodeType: 111,
  _qc_: {
    '$flags$': 5,
    '$id$': '',
    '$element$': [Circular *1],
    '$refMap$': [],
    li: [],
    '$tasks$': null,
    '$seq$': [
      'crtkd5-0',
      [SignalImpl],
      [SignalImpl],
      [SignalImpl],
      [SignalImpl],
      [SignalImpl],
      [SignalImpl],
      [SignalImpl],
      [SignalImpl]
    ],
    '$slots$': [],
    '$scopeIds$': [ '⭐️crtkd5-0' ],
    '$appendStyles$': [ [Object] ],
    '$props$': { [Symbol(IMMUTABLE)]: {} },
    '$vdom$': null,
    '$componentQrl$': [AsyncFunction: qrl2] {
      getSymbol: [Function: getSymbol],
      getHash: [Function: getHash],
      getCaptured: [Function: getCaptured],
      resolve: [AsyncFunction: resolve],
      '$resolveLazy$': [Function: resolveLazy],
      '$setContainer$': [Function: setContainer],
      '$chunk$': null,
      '$symbol$': 'routes_component_xYL1qOwPyDI',
      '$refSymbol$': null,
      '$hash$': 'xYL1qOwPyDI',
      getFn: [Function: invokeFn],
      '$capture$': null,
      '$captureRef$': [],
      dev: [Object],
      resolved: [Function: routes_component_xYL1qOwPyDI]
    },
    '$contexts$': null,
    '$dynamicSlots$': null,
    '$parentCtx$': {
      '$flags$': 0,
      '$id$': '',
      '$element$': [MockElement],
      '$refMap$': [],
      li: [],
      '$tasks$': null,
      '$seq$': null,
      '$slots$': null,
      '$scopeIds$': null,
      '$appendStyles$': null,
      '$props$': null,
      '$vdom$': null,
      '$componentQrl$': null,
      '$contexts$': null,
      '$dynamicSlots$': null,
      '$parentCtx$': [Object],
      '$realParentCtx$': undefined
    },
    '$realParentCtx$': {
      '$flags$': 12,
      '$id$': '4',
      '$element$': [MockElement],
      '$refMap$': [],
      li: [],
      '$tasks$': null,
      '$seq$': [Array],
      '$slots$': [],
      '$scopeIds$': null,
      '$appendStyles$': null,
      '$props$': {},
      '$vdom$': null,
      '$componentQrl$': [AsyncFunction],
      '$contexts$': null,
      '$dynamicSlots$': [Array],
      '$parentCtx$': [Object],
      '$realParentCtx$': [Object]
    }
  }
}
QWIK WARN State mutation inside render function. Use useTask$() instead. <ref *1> MockElement {
  nodeType: 111,
  _qc_: {
    '$flags$': 5,
    '$id$': '',
    '$element$': [Circular *1],
    '$refMap$': [],
    li: [],
    '$tasks$': null,
    '$seq$': [
      'crtkd5-0',
      [SignalImpl],
      [SignalImpl],
      [SignalImpl],
      [SignalImpl],
      [SignalImpl],
      [SignalImpl],
      [SignalImpl],
      [SignalImpl]
    ],
    '$slots$': [],
    '$scopeIds$': [ '⭐️crtkd5-0' ],
    '$appendStyles$': [ [Object] ],
    '$props$': { [Symbol(IMMUTABLE)]: {} },
    '$vdom$': null,
    '$componentQrl$': [AsyncFunction: qrl2] {
      getSymbol: [Function: getSymbol],
      getHash: [Function: getHash],
      getCaptured: [Function: getCaptured],
      resolve: [AsyncFunction: resolve],
      '$resolveLazy$': [Function: resolveLazy],
      '$setContainer$': [Function: setContainer],
      '$chunk$': null,
      '$symbol$': 'routes_component_xYL1qOwPyDI',
      '$refSymbol$': null,
      '$hash$': 'xYL1qOwPyDI',
      getFn: [Function: invokeFn],
      '$capture$': null,
      '$captureRef$': [],
      dev: [Object],
      resolved: [Function: routes_component_xYL1qOwPyDI]
    },
    '$contexts$': null,
    '$dynamicSlots$': null,
    '$parentCtx$': {
      '$flags$': 0,
      '$id$': '',
      '$element$': [MockElement],
      '$refMap$': [],
      li: [],
      '$tasks$': null,
      '$seq$': null,
      '$slots$': null,
      '$scopeIds$': null,
      '$appendStyles$': null,
      '$props$': null,
      '$vdom$': null,
      '$componentQrl$': null,
      '$contexts$': null,
      '$dynamicSlots$': null,
      '$parentCtx$': [Object],
      '$realParentCtx$': undefined
    },
    '$realParentCtx$': {
      '$flags$': 12,
      '$id$': '4',
      '$element$': [MockElement],
      '$refMap$': [],
      li: [],
      '$tasks$': null,
      '$seq$': [Array],
      '$slots$': [],
      '$scopeIds$': null,
      '$appendStyles$': null,
      '$props$': {},
      '$vdom$': null,
      '$componentQrl$': [AsyncFunction],
      '$contexts$': null,
      '$dynamicSlots$': [Array],
      '$parentCtx$': [Object],
      '$realParentCtx$': [Object]
    }
  }
}
[DEV WARNING] Query input 'value' assigned outside input onInput$: this could break controlled typing! {
  from: 'Error\n' +
    '    at SignalImpl.set [as value] (/home/kavia/workspace/code-generation/fastweatherqwik-842-7b0192e3/weather_frontend/src/routes/index.tsx:180:35)\n' +
    '    at AsyncFunction.routes_component_xYL1qOwPyDI [as resolved] (/home/kavia/workspace/code-generation/fastweatherqwik-842-7b0192e3/weather_frontend/src/routes/index.tsx:219:21)\n' +
    '    at AsyncFunction.invokeApply (/home/kavia/workspace/code-generation/fastweatherqwik-842-7b0192e3/weather_frontend/node_modules/@builder.io/qwik/dist/core.mjs:3728:22)\n' +
    '    at AsyncFunction.invoke (/home/kavia/workspace/code-generation/fastweatherqwik-842-7b0192e3/weather_frontend/node_modules/@builder.io/qwik/dist/core.mjs:3721:22)\n' +
    '    at eval (/home/kavia/workspace/code-generation/fastweatherqwik-842-7b0192e3/weather_frontend/node_modules/@builder.io/qwik/dist/core.mjs:7379:21)\n' +
    '    at maybeThen (/home/kavia/workspace/code-generation/fastweatherqwik-842-7b0192e3/weather_frontend/node_modules/@builder.io/qwik/dist/core.mjs:392:54)\n' +
    '    at eval (/home/kavia/workspace/code-generation/fastweatherqwik-842-7b0192e3/weather_frontend/node_modules/@builder.io/qwik/dist/core.mjs:7371:25)\n' +
    '    at eval (/home/kavia/workspace/code-generation/fastweatherqwik-842-7b0192e3/weather_frontend/node_modules/@builder.io/qwik/dist/core.mjs:1038:25)\n' +
    '    at safeCall (/home/kavia/workspace/code-generation/fastweatherqwik-842-7b0192e3/weather_frontend/node_modules/@builder.io/qwik/dist/core.mjs:381:21)\n' +
    '    at executeComponent (/home/kavia/workspace/code-generation/fastweatherqwik-842-7b0192e3/weather_frontend/node_modules/@builder.io/qwik/dist/core.mjs:1038:10)'
}
6:08:58 AM [vite] Internal server error: Cannot redefine property: value
  File: /home/kavia/workspace/code-generation/fastweatherqwik-842-7b0192e3/weather_frontend/src/routes/index.tsx:116:1
  114|        // Proxy the setter in dev mode
  115|        const origValue = Object.getOwnPropertyDescriptor(s, "value");
  116|        Object.defineProperty(s, "value", {
     |   ^
  117|          get() { return origValue?.get ? origValue.get.call(s) : (s as any)._value; },
  118|          set(v) {
      at Function.defineProperty (<anonymous>)
      at /home/kavia/workspace/code-generation/fastweatherqwik-842-7b0192e3/weather_frontend/src/routes/index.tsx:116:14
      at AsyncFunction.routes_component_xYL1qOwPyDI [as resolved] (/home/kavia/workspace/code-generation/fastweatherqwik-842-7b0192e3/weather_frontend/src/routes/index.tsx:133:4)
      at AsyncFunction.invokeApply (/home/kavia/workspace/code-generation/fastweatherqwik-842-7b0192e3/weather_frontend/node_modules/dist-dev/tsc-out/packages/qwik/dist-dev/tsc-out/packages/qwik/src/core/use/use-core.js:66:26)
      at AsyncFunction.invoke (/home/kavia/workspace/code-generation/fastweatherqwik-842-7b0192e3/weather_frontend/node_modules/dist-dev/tsc-out/packages/qwik/dist-dev/tsc-out/packages/qwik/src/core/use/use-core.js:58:24)
      at /home/kavia/workspace/code-generation/fastweatherqwik-842-7b0192e3/weather_frontend/node_modules/dist-dev/tsc-out/packages/qwik/dist-dev/tsc-out/packages/qwik/src/core/qrl/qrl-class.js:117:27
      at maybeThen (/home/kavia/workspace/code-generation/fastweatherqwik-842-7b0192e3/weather_frontend/node_modules/dist-dev/tsc-out/packages/qwik/dist-dev/tsc-out/packages/qwik/src/core/util/promises.js:20:56)
      at /home/kavia/workspace/code-generation/fastweatherqwik-842-7b0192e3/weather_frontend/node_modules/dist-dev/tsc-out/packages/qwik/dist-dev/tsc-out/packages/qwik/src/core/qrl/qrl-class.js:109:29
      at /home/kavia/workspace/code-generation/fastweatherqwik-842-7b0192e3/weather_frontend/node_modules/dist-dev/tsc-out/packages/qwik/dist-dev/tsc-out/packages/qwik/src/core/render/execute-component.js:41:27
      at safeCall (/home/kavia/workspace/code-generation/fastweatherqwik-842-7b0192e3/weather_frontend/node_modules/dist-dev/tsc-out/packages/qwik/dist-dev/tsc-out/packages/qwik/src/core/util/promises.js:7:25)
6:09:00 AM [vite] warning: Calling use* methods in wrong function.
  Plugin: vite-plugin-qwik
  File: /home/kavia/workspace/code-generation/fastweatherqwik-842-7b0192e3/weather_frontend/src/routes/index.tsx:105:15
  103|    // To bulletproof the controlled input, we warn (in dev) if query.value is set anywhere but the real input onInput$ handler or initial load logic
  104|    const query = (() => {
  105|      const s = useSignal("");
     |                 ^
  106|      if (process.env.NODE_ENV === "development") {
  107|        let lastSetterStack = "";
QWIK WARN State mutation inside render function. Use useTask$() instead. <ref *1> MockElement {
  nodeType: 111,
  _qc_: {
    '$flags$': 4,
    '$id$': '',
    '$element$': [Circular *1],
    '$refMap$': [],
    li: [],
    '$tasks$': null,
    '$seq$': [
      'crtkd5-0',
      [SignalImpl],
      [SignalImpl],
      [SignalImpl],
      [SignalImpl],
      [SignalImpl],
      [SignalImpl],
      [SignalImpl],
      [SignalImpl]
    ],
    '$slots$': [],
    '$scopeIds$': [ '⭐️crtkd5-0' ],
    '$appendStyles$': [ [Object] ],
    '$props$': { [Symbol(IMMUTABLE)]: {} },
    '$vdom$': null,
    '$componentQrl$': [AsyncFunction: qrl2] {
      getSymbol: [Function: getSymbol],
      getHash: [Function: getHash],
      getCaptured: [Function: getCaptured],
      resolve: [AsyncFunction: resolve],
      '$resolveLazy$': [Function: resolveLazy],
      '$setContainer$': [Function: setContainer],
      '$chunk$': null,
      '$symbol$': 'routes_component_xYL1qOwPyDI',
      '$refSymbol$': null,
      '$hash$': 'xYL1qOwPyDI',
      getFn: [Function: invokeFn],
      '$capture$': null,
      '$captureRef$': [],
      dev: [Object],
      resolved: [Function: routes_component_xYL1qOwPyDI]
    },
    '$contexts$': null,
    '$dynamicSlots$': null,
    '$parentCtx$': {
      '$flags$': 0,
      '$id$': '',
      '$element$': [MockElement],
      '$refMap$': [],
      li: [],
      '$tasks$': null,
      '$seq$': null,
      '$slots$': null,
      '$scopeIds$': null,
      '$appendStyles$': null,
      '$props$': null,
      '$vdom$': null,
      '$componentQrl$': null,
      '$contexts$': null,
      '$dynamicSlots$': null,
      '$parentCtx$': [Object],
      '$realParentCtx$': undefined
    },
    '$realParentCtx$': {
      '$flags$': 12,
      '$id$': '4',
      '$element$': [MockElement],
      '$refMap$': [],
      li: [],
      '$tasks$': null,
      '$seq$': [Array],
      '$slots$': [],
      '$scopeIds$': null,
      '$appendStyles$': null,
      '$props$': {},
      '$vdom$': null,
      '$componentQrl$': [AsyncFunction],
      '$contexts$': null,
      '$dynamicSlots$': [Array],
      '$parentCtx$': [Object],
      '$realParentCtx$': [Object]
    }
  }
}
QWIK WARN State mutation inside render function. Use useTask$() instead. <ref *1> MockElement {
  nodeType: 111,
  _qc_: {
    '$flags$': 4,
    '$id$': '',
    '$element$': [Circular *1],
    '$refMap$': [],
    li: [],
    '$tasks$': null,
    '$seq$': [
      'crtkd5-0',
      [SignalImpl],
      [SignalImpl],
      [SignalImpl],
      [SignalImpl],
      [SignalImpl],
      [SignalImpl],
      [SignalImpl],
      [SignalImpl]
    ],
    '$slots$': [],
    '$scopeIds$': [ '⭐️crtkd5-0' ],
    '$appendStyles$': [ [Object] ],
    '$props$': { [Symbol(IMMUTABLE)]: {} },
    '$vdom$': null,
    '$componentQrl$': [AsyncFunction: qrl2] {
      getSymbol: [Function: getSymbol],
      getHash: [Function: getHash],
      getCaptured: [Function: getCaptured],
      resolve: [AsyncFunction: resolve],
      '$resolveLazy$': [Function: resolveLazy],
      '$setContainer$': [Function: setContainer],
      '$chunk$': null,
      '$symbol$': 'routes_component_xYL1qOwPyDI',
      '$refSymbol$': null,
      '$hash$': 'xYL1qOwPyDI',
      getFn: [Function: invokeFn],
      '$capture$': null,
      '$captureRef$': [],
      dev: [Object],
      resolved: [Function: routes_component_xYL1qOwPyDI]
    },
    '$contexts$': null,
    '$dynamicSlots$': null,
    '$parentCtx$': {
      '$flags$': 0,
      '$id$': '',
      '$element$': [MockElement],
      '$refMap$': [],
      li: [],
      '$tasks$': null,
      '$seq$': null,
      '$slots$': null,
      '$scopeIds$': null,
      '$appendStyles$': null,
      '$props$': null,
      '$vdom$': null,
      '$componentQrl$': null,
      '$contexts$': null,
      '$dynamicSlots$': null,
      '$parentCtx$': [Object],
      '$realParentCtx$': undefined
    },
    '$realParentCtx$': {
      '$flags$': 12,
      '$id$': '4',
      '$element$': [MockElement],
      '$refMap$': [],
      li: [],
      '$tasks$': null,
      '$seq$': [Array],
      '$slots$': [],
      '$scopeIds$': null,
      '$appendStyles$': null,
      '$props$': {},
      '$vdom$': null,
      '$componentQrl$': [AsyncFunction],
      '$contexts$': null,
      '$dynamicSlots$': [Array],
      '$parentCtx$': [Object],
      '$realParentCtx$': [Object]
    }
  }
}
QWIK WARN State mutation inside render function. Use useTask$() instead. <ref *1> MockElement {
  nodeType: 111,
  _qc_: {
    '$flags$': 4,
    '$id$': '',
    '$element$': [Circular *1],
    '$refMap$': [],
    li: [],
    '$tasks$': null,
    '$seq$': [
      'crtkd5-0',
      [SignalImpl],
      [SignalImpl],
      [SignalImpl],
      [SignalImpl],
      [SignalImpl],
      [SignalImpl],
      [SignalImpl],
      [SignalImpl]
    ],
    '$slots$': [],
    '$scopeIds$': [ '⭐️crtkd5-0' ],
    '$appendStyles$': [ [Object] ],
    '$props$': { [Symbol(IMMUTABLE)]: {} },
    '$vdom$': null,
    '$componentQrl$': [AsyncFunction: qrl2] {
      getSymbol: [Function: getSymbol],
      getHash: [Function: getHash],
      getCaptured: [Function: getCaptured],
      resolve: [AsyncFunction: resolve],
      '$resolveLazy$': [Function: resolveLazy],
      '$setContainer$': [Function: setContainer],
      '$chunk$': null,
      '$symbol$': 'routes_component_xYL1qOwPyDI',
      '$refSymbol$': null,
      '$hash$': 'xYL1qOwPyDI',
      getFn: [Function: invokeFn],
      '$capture$': null,
      '$captureRef$': [],
      dev: [Object],
      resolved: [Function: routes_component_xYL1qOwPyDI]
    },
    '$contexts$': null,
    '$dynamicSlots$': null,
    '$parentCtx$': {
      '$flags$': 0,
      '$id$': '',
      '$element$': [MockElement],
      '$refMap$': [],
      li: [],
      '$tasks$': null,
      '$seq$': null,
      '$slots$': null,
      '$scopeIds$': null,
      '$appendStyles$': null,
      '$props$': null,
      '$vdom$': null,
      '$componentQrl$': null,
      '$contexts$': null,
      '$dynamicSlots$': null,
      '$parentCtx$': [Object],
      '$realParentCtx$': undefined
    },
    '$realParentCtx$': {
      '$flags$': 12,
      '$id$': '4',
      '$element$': [MockElement],
      '$refMap$': [],
      li: [],
      '$tasks$': null,
      '$seq$': [Array],
      '$slots$': [],
      '$scopeIds$': null,
      '$appendStyles$': null,
      '$props$': {},
      '$vdom$': null,
      '$componentQrl$': [AsyncFunction],
      '$contexts$': null,
      '$dynamicSlots$': [Array],
      '$parentCtx$': [Object],
      '$realParentCtx$': [Object]
    }
  }
}
QWIK WARN State mutation inside render function. Use useTask$() instead. <ref *1> MockElement {
  nodeType: 111,
  _qc_: {
    '$flags$': 4,
    '$id$': '',
    '$element$': [Circular *1],
    '$refMap$': [],
    li: [],
    '$tasks$': null,
    '$seq$': [
      'crtkd5-0',
      [SignalImpl],
      [SignalImpl],
      [SignalImpl],
      [SignalImpl],
      [SignalImpl],
      [SignalImpl],
      [SignalImpl],
      [SignalImpl]
    ],
    '$slots$': [],
    '$scopeIds$': [ '⭐️crtkd5-0' ],
    '$appendStyles$': [ [Object] ],
    '$props$': { [Symbol(IMMUTABLE)]: {} },
    '$vdom$': null,
    '$componentQrl$': [AsyncFunction: qrl2] {
      getSymbol: [Function: getSymbol],
      getHash: [Function: getHash],
      getCaptured: [Function: getCaptured],
      resolve: [AsyncFunction: resolve],
      '$resolveLazy$': [Function: resolveLazy],
      '$setContainer$': [Function: setContainer],
      '$chunk$': null,
      '$symbol$': 'routes_component_xYL1qOwPyDI',
      '$refSymbol$': null,
      '$hash$': 'xYL1qOwPyDI',
      getFn: [Function: invokeFn],
      '$capture$': null,
      '$captureRef$': [],
      dev: [Object],
      resolved: [Function: routes_component_xYL1qOwPyDI]
    },
    '$contexts$': null,
    '$dynamicSlots$': null,
    '$parentCtx$': {
      '$flags$': 0,
      '$id$': '',
      '$element$': [MockElement],
      '$refMap$': [],
      li: [],
      '$tasks$': null,
      '$seq$': null,
      '$slots$': null,
      '$scopeIds$': null,
      '$appendStyles$': null,
      '$props$': null,
      '$vdom$': null,
      '$componentQrl$': null,
      '$contexts$': null,
      '$dynamicSlots$': null,
      '$parentCtx$': [Object],
      '$realParentCtx$': undefined
    },
    '$realParentCtx$': {
      '$flags$': 12,
      '$id$': '4',
      '$element$': [MockElement],
      '$refMap$': [],
      li: [],
      '$tasks$': null,
      '$seq$': [Array],
      '$slots$': [],
      '$scopeIds$': null,
      '$appendStyles$': null,
      '$props$': {},
      '$vdom$': null,
      '$componentQrl$': [AsyncFunction],
      '$contexts$': null,
      '$dynamicSlots$': [Array],
      '$parentCtx$': [Object],
      '$realParentCtx$': [Object]
    }
  }
}
QWIK WARN State mutation inside render function. Use useTask$() instead. <ref *1> MockElement {
  nodeType: 111,
  _qc_: {
    '$flags$': 4,
    '$id$': '',
    '$element$': [Circular *1],
    '$refMap$': [],
    li: [],
    '$tasks$': null,
    '$seq$': [
      'crtkd5-0',
      [SignalImpl],
      [SignalImpl],
      [SignalImpl],
      [SignalImpl],
      [SignalImpl],
      [SignalImpl],
      [SignalImpl],
      [SignalImpl]
    ],
    '$slots$': [],
    '$scopeIds$': [ '⭐️crtkd5-0' ],
    '$appendStyles$': [ [Object] ],
    '$props$': { [Symbol(IMMUTABLE)]: {} },
    '$vdom$': null,
    '$componentQrl$': [AsyncFunction: qrl2] {
      getSymbol: [Function: getSymbol],
      getHash: [Function: getHash],
      getCaptured: [Function: getCaptured],
      resolve: [AsyncFunction: resolve],
      '$resolveLazy$': [Function: resolveLazy],
      '$setContainer$': [Function: setContainer],
      '$chunk$': null,
      '$symbol$': 'routes_component_xYL1qOwPyDI',
      '$refSymbol$': null,
      '$hash$': 'xYL1qOwPyDI',
      getFn: [Function: invokeFn],
      '$capture$': null,
      '$captureRef$': [],
      dev: [Object],
      resolved: [Function: routes_component_xYL1qOwPyDI]
    },
    '$contexts$': null,
    '$dynamicSlots$': null,
    '$parentCtx$': {
      '$flags$': 0,
      '$id$': '',
      '$element$': [MockElement],
      '$refMap$': [],
      li: [],
      '$tasks$': null,
      '$seq$': null,
      '$slots$': null,
      '$scopeIds$': null,
      '$appendStyles$': null,
      '$props$': null,
      '$vdom$': null,
      '$componentQrl$': null,
      '$contexts$': null,
      '$dynamicSlots$': null,
      '$parentCtx$': [Object],
      '$realParentCtx$': undefined
    },
    '$realParentCtx$': {
      '$flags$': 12,
      '$id$': '4',
      '$element$': [MockElement],
      '$refMap$': [],
      li: [],
      '$tasks$': null,
      '$seq$': [Array],
      '$slots$': [],
      '$scopeIds$': null,
      '$appendStyles$': null,
      '$props$': {},
      '$vdom$': null,
      '$componentQrl$': [AsyncFunction],
      '$contexts$': null,
      '$dynamicSlots$': [Array],
      '$parentCtx$': [Object],
      '$realParentCtx$': [Object]
    }
  }
}
[DEV WARNING] Query input 'value' assigned outside input onInput$: this could break controlled typing! {
  from: 'Error\n' +
    '    at SignalImpl.set [as value] (/home/kavia/workspace/code-generation/fastweatherqwik-842-7b0192e3/weather_frontend/src/routes/index.tsx:180:35)\n' +
    '    at AsyncFunction.routes_component_xYL1qOwPyDI [as resolved] (/home/kavia/workspace/code-generation/fastweatherqwik-842-7b0192e3/weather_frontend/src/routes/index.tsx:226:39)\n' +
    '    at AsyncFunction.invokeApply (/home/kavia/workspace/code-generation/fastweatherqwik-842-7b0192e3/weather_frontend/node_modules/@builder.io/qwik/dist/core.mjs:3728:22)\n' +
    '    at AsyncFunction.invoke (/home/kavia/workspace/code-generation/fastweatherqwik-842-7b0192e3/weather_frontend/node_modules/@builder.io/qwik/dist/core.mjs:3721:22)\n' +
    '    at eval (/home/kavia/workspace/code-generation/fastweatherqwik-842-7b0192e3/weather_frontend/node_modules/@builder.io/qwik/dist/core.mjs:7379:21)\n' +
    '    at maybeThen (/home/kavia/workspace/code-generation/fastweatherqwik-842-7b0192e3/weather_frontend/node_modules/@builder.io/qwik/dist/core.mjs:392:54)\n' +
    '    at eval (/home/kavia/workspace/code-generation/fastweatherqwik-842-7b0192e3/weather_frontend/node_modules/@builder.io/qwik/dist/core.mjs:7371:25)\n' +
    '    at eval (/home/kavia/workspace/code-generation/fastweatherqwik-842-7b0192e3/weather_frontend/node_modules/@builder.io/qwik/dist/core.mjs:1038:25)\n' +
    '    at safeCall (/home/kavia/workspace/code-generation/fastweatherqwik-842-7b0192e3/weather_frontend/node_modules/@builder.io/qwik/dist/core.mjs:381:21)\n' +
    '    at executeComponent (/home/kavia/workspace/code-generation/fastweatherqwik-842-7b0192e3/weather_frontend/node_modules/@builder.io/qwik/dist/core.mjs:1038:10)'
}
6:09:04 AM [vite] warning: Calling use* methods in wrong function.
  Plugin: vite-plugin-qwik
  File: /home/kavia/workspace/code-generation/fastweatherqwik-842-7b0192e3/weather_frontend/src/routes/index.tsx:105:15
  103|    // To bulletproof the controlled input, we warn (in dev) if query.value is set anywhere but the real input onInput$ handler or initial load logic
  104|    const query = (() => {
  105|      const s = useSignal("");
     |                 ^
  106|      if (process.env.NODE_ENV === "development") {
  107|        let lastSetterStack = "";
6:09:07 AM [vite] warning: Calling use* methods in wrong function.
  Plugin: vite-plugin-qwik
  File: /home/kavia/workspace/code-generation/fastweatherqwik-842-7b0192e3/weather_frontend/src/routes/index.tsx:105:15
  103|    // To bulletproof the controlled input, we warn (in dev) if query.value is set anywhere but the real input onInput$ handler or initial load logic
  104|    const query = (() => {
  105|      const s = useSignal("");
     |                 ^
  106|      if (process.env.NODE_ENV === "development") {
  107|        let lastSetterStack = "";
